Archive member included to satisfy reference by file (symbol)

/usr/lib/gcc/arm-none-eabi/13.2.1/thumb/v6-m/nofp/libgcc.a(_dvmd_tls.o)
                              CMakeFiles/main.dir/home/luis/.pico-sdk/sdk/2.1.0/src/rp2_common/pico_divider/divider_hardware.S.o (__aeabi_idiv0)
/usr/lib/gcc/arm-none-eabi/13.2.1/../../../arm-none-eabi/lib/thumb/v6-m/nofp/libg.a(libc_a-calloc.o)
                              CMakeFiles/main.dir/home/luis/.pico-sdk/sdk/2.1.0/src/rp2_common/pico_malloc/malloc.c.o (calloc)
/usr/lib/gcc/arm-none-eabi/13.2.1/../../../arm-none-eabi/lib/thumb/v6-m/nofp/libg.a(libc_a-impure.o)
                              /usr/lib/gcc/arm-none-eabi/13.2.1/../../../arm-none-eabi/lib/thumb/v6-m/nofp/libg.a(libc_a-calloc.o) (_impure_ptr)
/usr/lib/gcc/arm-none-eabi/13.2.1/../../../arm-none-eabi/lib/thumb/v6-m/nofp/libg.a(libc_a-callocr.o)
                              /usr/lib/gcc/arm-none-eabi/13.2.1/../../../arm-none-eabi/lib/thumb/v6-m/nofp/libg.a(libc_a-calloc.o) (_calloc_r)
/usr/lib/gcc/arm-none-eabi/13.2.1/../../../arm-none-eabi/lib/thumb/v6-m/nofp/libg.a(libc_a-realloc.o)
                              CMakeFiles/main.dir/home/luis/.pico-sdk/sdk/2.1.0/src/rp2_common/pico_malloc/malloc.c.o (realloc)
/usr/lib/gcc/arm-none-eabi/13.2.1/../../../arm-none-eabi/lib/thumb/v6-m/nofp/libg.a(libc_a-mallocr.o)
                              /usr/lib/gcc/arm-none-eabi/13.2.1/../../../arm-none-eabi/lib/thumb/v6-m/nofp/libg.a(libc_a-callocr.o) (_malloc_r)
/usr/lib/gcc/arm-none-eabi/13.2.1/../../../arm-none-eabi/lib/thumb/v6-m/nofp/libg.a(libc_a-freer.o)
                              /usr/lib/gcc/arm-none-eabi/13.2.1/../../../arm-none-eabi/lib/thumb/v6-m/nofp/libg.a(libc_a-mallocr.o) (_free_r)
/usr/lib/gcc/arm-none-eabi/13.2.1/../../../arm-none-eabi/lib/thumb/v6-m/nofp/libg.a(libc_a-memcmp.o)
                              CMakeFiles/main.dir/home/luis/.pico-sdk/sdk/2.1.0/src/rp2_common/pico_atomic/atomic.c.o (memcmp)
/usr/lib/gcc/arm-none-eabi/13.2.1/../../../arm-none-eabi/lib/thumb/v6-m/nofp/libg.a(libc_a-malloc.o)
                              CMakeFiles/main.dir/home/luis/.pico-sdk/sdk/2.1.0/src/rp2_common/pico_malloc/malloc.c.o (malloc)
/usr/lib/gcc/arm-none-eabi/13.2.1/../../../arm-none-eabi/lib/thumb/v6-m/nofp/libg.a(libc_a-sysconf.o)
                              /usr/lib/gcc/arm-none-eabi/13.2.1/../../../arm-none-eabi/lib/thumb/v6-m/nofp/libg.a(libc_a-mallocr.o) (sysconf)
/usr/lib/gcc/arm-none-eabi/13.2.1/../../../arm-none-eabi/lib/thumb/v6-m/nofp/libg.a(libc_a-init.o)
                              /usr/lib/gcc/arm-none-eabi/13.2.1/../../../arm-none-eabi/lib/thumb/v6-m/nofp/crt0.o (__libc_init_array)
/usr/lib/gcc/arm-none-eabi/13.2.1/../../../arm-none-eabi/lib/thumb/v6-m/nofp/libg.a(libc_a-reallocr.o)
                              /usr/lib/gcc/arm-none-eabi/13.2.1/../../../arm-none-eabi/lib/thumb/v6-m/nofp/libg.a(libc_a-realloc.o) (_realloc_r)
/usr/lib/gcc/arm-none-eabi/13.2.1/../../../arm-none-eabi/lib/thumb/v6-m/nofp/libg.a(libc_a-mktime.o)
                              CMakeFiles/main.dir/home/luis/.pico-sdk/sdk/2.1.0/src/common/pico_util/datetime.c.o (mktime)
/usr/lib/gcc/arm-none-eabi/13.2.1/../../../arm-none-eabi/lib/thumb/v6-m/nofp/libg.a(libc_a-mlock.o)
                              /usr/lib/gcc/arm-none-eabi/13.2.1/../../../arm-none-eabi/lib/thumb/v6-m/nofp/libg.a(libc_a-mallocr.o) (__malloc_lock)
/usr/lib/gcc/arm-none-eabi/13.2.1/../../../arm-none-eabi/lib/thumb/v6-m/nofp/libg.a(libc_a-findfp.o)
                              /usr/lib/gcc/arm-none-eabi/13.2.1/../../../arm-none-eabi/lib/thumb/v6-m/nofp/libg.a(libc_a-impure.o) (__sf)
/usr/lib/gcc/arm-none-eabi/13.2.1/../../../arm-none-eabi/lib/thumb/v6-m/nofp/libg.a(libc_a-tzlock.o)
                              /usr/lib/gcc/arm-none-eabi/13.2.1/../../../arm-none-eabi/lib/thumb/v6-m/nofp/libg.a(libc_a-mktime.o) (__tz_lock)
/usr/lib/gcc/arm-none-eabi/13.2.1/../../../arm-none-eabi/lib/thumb/v6-m/nofp/libg.a(libc_a-ctype_.o)
                              CMakeFiles/main.dir/home/luis/.pico-sdk/sdk/2.1.0/lib/tinyusb/src/tusb.c.o (_ctype_)
/usr/lib/gcc/arm-none-eabi/13.2.1/../../../arm-none-eabi/lib/thumb/v6-m/nofp/libg.a(libc_a-atexit.o)
                              /usr/lib/gcc/arm-none-eabi/13.2.1/../../../arm-none-eabi/lib/thumb/v6-m/nofp/crt0.o (atexit)
/usr/lib/gcc/arm-none-eabi/13.2.1/../../../arm-none-eabi/lib/thumb/v6-m/nofp/libg.a(libc_a-lcltime_r.o)
                              CMakeFiles/main.dir/home/luis/.pico-sdk/sdk/2.1.0/src/common/pico_util/datetime.c.o (localtime_r)
/usr/lib/gcc/arm-none-eabi/13.2.1/../../../arm-none-eabi/lib/thumb/v6-m/nofp/libg.a(libc_a-strlen-stub.o)
                              CMakeFiles/main.dir/home/luis/.pico-sdk/sdk/2.1.0/src/rp2_common/pico_stdio/stdio.c.o (strlen)
/usr/lib/gcc/arm-none-eabi/13.2.1/../../../arm-none-eabi/lib/thumb/v6-m/nofp/libg.a(libc_a-sbrkr.o)
                              /usr/lib/gcc/arm-none-eabi/13.2.1/../../../arm-none-eabi/lib/thumb/v6-m/nofp/libg.a(libc_a-mallocr.o) (_sbrk_r)
[...]
Memory Configuration

Name             Origin             Length             Attributes
FLASH            0x10000000         0x00200000         xr
RAM              0x20000000         0x00040000         xrw
SCRATCH_X        0x20040000         0x00001000         xrw
SCRATCH_Y        0x20041000         0x00001000         xrw
*default*        0x00000000         0xffffffff

Linker script and memory map

LOAD /usr/lib/gcc/arm-none-eabi/13.2.1/thumb/v6-m/nofp/crti.o
LOAD /usr/lib/gcc/arm-none-eabi/13.2.1/thumb/v6-m/nofp/crtbegin.o
LOAD /usr/lib/gcc/arm-none-eabi/13.2.1/../../../arm-none-eabi/lib/thumb/v6-m/nofp/crt0.o

.flash_begin    0x10000000        0x0
                0x10000000                        __flash_binary_start = .

.boot2          0x10000000      0x100
                0x10000000                        __boot2_start__ = .
 *(.boot2)
 .boot2         0x10000000      0x100 pico-sdk/src/rp2040/boot_stage2/CMakeFiles/bs2_default_library.dir/bs2_default_padded_checksummed.S.o
                0x10000100                        __boot2_end__ = .
                0x00000001                        ASSERT (((__boot2_end__ - __boot2_start__) == 0x100), ERROR: Pico second stage bootloader must be 256 bytes in size)

.text           0x10000100     0x7fa8
                0x10000100                        __logical_binary_start = .
 *(.vectors)
 .vectors       0x10000100       0xd4 CMakeFiles/main.dir/home/luis/.pico-sdk/sdk/2.1.0/src/rp2_common/pico_crt0/crt0.S.o
                0x10000100                __vectors
                0x10000100                __VECTOR_TABLE
                0x100001c0                isr_invalid
                0x100001c0                __default_isrs_start
                0x100001c2                isr_nmi
                0x100001c4                isr_hardfault
                0x100001c6                isr_svcall
                0x100001c8                isr_pendsv
                0x100001ca                isr_systick
                0x100001cc                isr_irq30
                0x100001cc                __unhandled_user_irq
                0x100001cc                isr_irq13
                0x100001cc                isr_irq27
                0x100001cc                isr_irq31
                0x100001cc                isr_irq5
                0x100001cc                isr_irq11
                0x100001cc                isr_irq23
                0x100001cc                isr_irq18
                0x100001cc                isr_irq28
                0x100001cc                isr_irq19
                0x100001cc                isr_irq0
                0x100001cc                isr_irq6
                0x100001cc                isr_irq22
                0x100001cc                isr_irq17
                0x100001cc                isr_irq14
                0x100001cc                isr_irq2
                0x100001cc                isr_irq10
                0x100001cc                isr_irq8
                0x100001cc                isr_irq24
                0x100001cc                isr_irq1
                0x100001cc                isr_irq7
                0x100001cc                isr_irq21
                0x100001cc                isr_irq20
                0x100001cc                isr_irq15
                0x100001cc                isr_irq25
                0x100001cc                isr_irq4
                0x100001cc                isr_irq16
                0x100001cc                isr_irq29
                0x100001cc                isr_irq26
                0x100001cc                __default_isrs_end
                0x100001cc                isr_irq3
                0x100001cc                isr_irq12
                0x100001cc                isr_irq9
                0x100001d2                unhandled_user_irq_num_in_r0
 *(.binary_info_header)
 .binary_info_header
                0x100001d4       0x14 CMakeFiles/main.dir/home/luis/.pico-sdk/sdk/2.1.0/src/rp2_common/pico_crt0/crt0.S.o
                0x100001e8                        __binary_info_header_end = .
 *(.embedded_block)
                0x100001e8                        __embedded_block_end = .
 *(.reset)
 .reset         0x100001e8       0x9c CMakeFiles/main.dir/home/luis/.pico-sdk/sdk/2.1.0/src/rp2_common/pico_crt0/crt0.S.o
                0x100001e8                _entry_point
 *(.init)
 .init          0x10000284        0x4 /usr/lib/gcc/arm-none-eabi/13.2.1/thumb/v6-m/nofp/crti.o
                0x10000284                _init
 *(EXCLUDE_FILE(*libm.a: *libc.a:*lib_a-mem*.o *libgcc.a:) .text*)
 .text          0x10000288       0x98 /usr/lib/gcc/arm-none-eabi/13.2.1/thumb/v6-m/nofp/crtbegin.o
 .text.pwm_set_chan_level
                0x10000320       0x40 CMakeFiles/main.dir/main.c.o
 .text.gpio_callback
                0x10000360       0xac CMakeFiles/main.dir/main.c.o
                0x10000360                gpio_callback
 .text.adc_gpio_init
                0x1000040c       0x1e CMakeFiles/main.dir/main.c.o
 *fill*         0x1000042a        0x2 
 .text.init_Display
                0x1000042c       0x70 CMakeFiles/main.dir/main.c.o
                0x1000042c                init_Display
 .text.init_adc_system
                0x1000049c       0x14 CMakeFiles/main.dir/main.c.o
                0x1000049c                init_adc_system
 .text.read_adc
                0x100004b0       0x40 CMakeFiles/main.dir/main.c.o
                0x100004b0                read_adc
 .text.update_leds
                0x100004f0       0x6c CMakeFiles/main.dir/main.c.o
                0x100004f0                update_leds
 .text.update_display
                0x1000055c       0xf0 CMakeFiles/main.dir/main.c.o
                0x1000055c                update_display
 .text.main     0x1000064c       0x8c CMakeFiles/main.dir/main.c.o
                0x1000064c                main
 .text.check_debounce
                0x100006d8       0x1c CMakeFiles/main.dir/src/debouncer.c.o
                0x100006d8                check_debounce
 .text.Led_init
                0x100006f4       0x16 CMakeFiles/main.dir/src/hardwareFiles/Leds.c.o
                0x100006f4                Led_init
 .text.toggle_led
                0x1000070a       0x1e CMakeFiles/main.dir/src/hardwareFiles/Leds.c.o
                0x1000070a                toggle_led
 .text.get_led_state
                0x10000728       0x16 CMakeFiles/main.dir/src/hardwareFiles/Leds.c.o
                0x10000728                get_led_state
 .text.init_buttons
                0x1000073e       0x32 CMakeFiles/main.dir/src/hardwareFiles/buttons.c.o
                0x1000073e                init_buttons
 .text.ssd1306_init
                0x10000770       0x2e CMakeFiles/main.dir/src/inc/ssd1306.c.o
                0x10000770                ssd1306_init
 .text.ssd1306_command
                0x1000079e       0x1c CMakeFiles/main.dir/src/inc/ssd1306.c.o
                0x1000079e                ssd1306_command
 .text.ssd1306_config
                0x100007ba       0xcc CMakeFiles/main.dir/src/inc/ssd1306.c.o
                0x100007ba                ssd1306_config
 .text.ssd1306_send_data
                0x10000886       0x50 CMakeFiles/main.dir/src/inc/ssd1306.c.o
                0x10000886                ssd1306_send_data
 .text.ssd1306_pixel
                0x100008d6       0x32 CMakeFiles/main.dir/src/inc/ssd1306.c.o
                0x100008d6                ssd1306_pixel
 .text.ssd1306_fill
                0x10000908       0x30 CMakeFiles/main.dir/src/inc/ssd1306.c.o
                0x10000908                ssd1306_fill
 .text.ssd1306_rect
                0x10000938       0xde CMakeFiles/main.dir/src/inc/ssd1306.c.o
                0x10000938                ssd1306_rect
 *fill*         0x10000a16        0x2 
 .text.init_pwm_led
                0x10000a18       0x50 CMakeFiles/main.dir/src/LED_PWM.c.o
                0x10000a18                init_pwm_led
 .text.gpio_set_function
                0x10000a68       0x34 CMakeFiles/main.dir/home/luis/.pico-sdk/sdk/2.1.0/src/rp2_common/hardware_gpio/gpio.c.o
                0x10000a68                gpio_set_function
 .text.gpio_set_pulls
                0x10000a9c       0x38 CMakeFiles/main.dir/home/luis/.pico-sdk/sdk/2.1.0/src/rp2_common/hardware_gpio/gpio.c.o
                0x10000a9c                gpio_set_pulls
 .text.gpio_set_irq_callback
                0x10000ad4       0x48 CMakeFiles/main.dir/home/luis/.pico-sdk/sdk/2.1.0/src/rp2_common/hardware_gpio/gpio.c.o
                0x10000ad4                gpio_set_irq_callback
 .text.gpio_acknowledge_irq
                0x10000b1c       0x18 CMakeFiles/main.dir/home/luis/.pico-sdk/sdk/2.1.0/src/rp2_common/hardware_gpio/gpio.c.o
                0x10000b1c                gpio_acknowledge_irq
 .text._gpio_set_irq_enabled
                0x10000b34       0x38 CMakeFiles/main.dir/home/luis/.pico-sdk/sdk/2.1.0/src/rp2_common/hardware_gpio/gpio.c.o
 .text.gpio_set_irq_enabled
                0x10000b6c       0x68 CMakeFiles/main.dir/home/luis/.pico-sdk/sdk/2.1.0/src/rp2_common/hardware_gpio/gpio.c.o
                0x10000b6c                gpio_set_irq_enabled
 .text.gpio_set_irq_enabled_with_callback
                0x10000bd4       0x28 CMakeFiles/main.dir/home/luis/.pico-sdk/sdk/2.1.0/src/rp2_common/hardware_gpio/gpio.c.o
                0x10000bd4                gpio_set_irq_enabled_with_callback
 .text.gpio_default_irq_handler
                0x10000bfc       0xa0 CMakeFiles/main.dir/home/luis/.pico-sdk/sdk/2.1.0/src/rp2_common/hardware_gpio/gpio.c.o
 .text.gpio_set_input_enabled
                0x10000c9c       0x28 CMakeFiles/main.dir/home/luis/.pico-sdk/sdk/2.1.0/src/rp2_common/hardware_gpio/gpio.c.o
                0x10000c9c                gpio_set_input_enabled
 .text.gpio_init
                0x10000cc4       0x16 CMakeFiles/main.dir/home/luis/.pico-sdk/sdk/2.1.0/src/rp2_common/hardware_gpio/gpio.c.o
                0x10000cc4                gpio_init
 *fill*         0x10000cda        0x2 
 .text.rp2040_chip_version
                0x10000cdc       0x54 CMakeFiles/main.dir/home/luis/.pico-sdk/sdk/2.1.0/src/rp2040/pico_platform/platform.c.o
                0x10000cdc                rp2040_chip_version
 .text.panic    0x10000d30       0x30 CMakeFiles/main.dir/home/luis/.pico-sdk/sdk/2.1.0/src/rp2_common/pico_platform_panic/panic.c.o
                0x10000d30                panic
 .text.hw_claim_lock
                0x10000d60       0x18 CMakeFiles/main.dir/home/luis/.pico-sdk/sdk/2.1.0/src/common/hardware_claim/claim.c.o
                0x10000d60                hw_claim_lock
 .text.hw_claim_unlock
                0x10000d78       0x14 CMakeFiles/main.dir/home/luis/.pico-sdk/sdk/2.1.0/src/common/hardware_claim/claim.c.o
                0x10000d78                hw_claim_unlock
 .text.hw_claim_or_assert
                0x10000d8c       0x32 CMakeFiles/main.dir/home/luis/.pico-sdk/sdk/2.1.0/src/common/hardware_claim/claim.c.o
                0x10000d8c                hw_claim_or_assert
 .text.hw_claim_unused_from_range
                0x10000dbe       0x50 CMakeFiles/main.dir/home/luis/.pico-sdk/sdk/2.1.0/src/common/hardware_claim/claim.c.o
                0x10000dbe                hw_claim_unused_from_range
 *fill*         0x10000e0e        0x2 
 .text.next_striped_spin_lock_num
                0x10000e10       0x1c CMakeFiles/main.dir/home/luis/.pico-sdk/sdk/2.1.0/src/rp2_common/hardware_sync/sync.c.o
                0x10000e10                next_striped_spin_lock_num
 .text.spin_lock_claim_unused
                0x10000e2c       0x24 CMakeFiles/main.dir/home/luis/.pico-sdk/sdk/2.1.0/src/rp2_common/hardware_sync/sync.c.o
                0x10000e2c                spin_lock_claim_unused
 .text.spin_locks_reset
                0x10000e50       0x20 CMakeFiles/main.dir/home/luis/.pico-sdk/sdk/2.1.0/src/rp2_common/hardware_sync_spin_lock/sync_spin_lock.c.o
                0x10000e50                spin_locks_reset
 .text.set_raw_irq_handler_and_unlock
                0x10000e70       0x28 CMakeFiles/main.dir/home/luis/.pico-sdk/sdk/2.1.0/src/rp2_common/hardware_irq/irq.c.o
 .text.nvic_ipr0
                0x10000e98        0x8 CMakeFiles/main.dir/home/luis/.pico-sdk/sdk/2.1.0/src/rp2_common/hardware_irq/irq.c.o
 .text.runtime_init_per_core_irq_priorities
                0x10000ea0       0x1c CMakeFiles/main.dir/home/luis/.pico-sdk/sdk/2.1.0/src/rp2_common/hardware_irq/irq.c.o
                0x10000ea0                runtime_init_per_core_irq_priorities
 .text.resolve_j_16
                0x10000ebc       0x30 CMakeFiles/main.dir/home/luis/.pico-sdk/sdk/2.1.0/src/rp2_common/hardware_irq/irq.c.o
 .text.make_j_16
                0x10000eec       0x48 CMakeFiles/main.dir/home/luis/.pico-sdk/sdk/2.1.0/src/rp2_common/hardware_irq/irq.c.o
 .text.insert_bl_32
                0x10000f34       0x40 CMakeFiles/main.dir/home/luis/.pico-sdk/sdk/2.1.0/src/rp2_common/hardware_irq/irq.c.o
 .text.irq_is_enabled
                0x10000f74       0x18 CMakeFiles/main.dir/home/luis/.pico-sdk/sdk/2.1.0/src/rp2_common/hardware_irq/irq.c.o
                0x10000f74                irq_is_enabled
 .text.irq_set_mask_n_enabled
                0x10000f8c       0x1c CMakeFiles/main.dir/home/luis/.pico-sdk/sdk/2.1.0/src/rp2_common/hardware_irq/irq.c.o
                0x10000f8c                irq_set_mask_n_enabled
 .text.irq_set_enabled
                0x10000fa8       0x14 CMakeFiles/main.dir/home/luis/.pico-sdk/sdk/2.1.0/src/rp2_common/hardware_irq/irq.c.o
                0x10000fa8                irq_set_enabled
 .text.irq_set_pending
                0x10000fbc       0x10 CMakeFiles/main.dir/home/luis/.pico-sdk/sdk/2.1.0/src/rp2_common/hardware_irq/irq.c.o
                0x10000fbc                irq_set_pending
 .text.irq_get_vtable_handler
                0x10000fcc       0x10 CMakeFiles/main.dir/home/luis/.pico-sdk/sdk/2.1.0/src/rp2_common/hardware_irq/irq.c.o
                0x10000fcc                irq_get_vtable_handler
 .text.irq_has_shared_handler
                0x10000fdc       0x24 CMakeFiles/main.dir/home/luis/.pico-sdk/sdk/2.1.0/src/rp2_common/hardware_irq/irq.c.o
                0x10000fdc                irq_has_shared_handler
 .text.irq_set_exclusive_handler
                0x10001000       0x54 CMakeFiles/main.dir/home/luis/.pico-sdk/sdk/2.1.0/src/rp2_common/hardware_irq/irq.c.o
                0x10001000                irq_set_exclusive_handler
 .text.irq_add_shared_handler
                0x10001054      0x218 CMakeFiles/main.dir/home/luis/.pico-sdk/sdk/2.1.0/src/rp2_common/hardware_irq/irq.c.o
                0x10001054                irq_add_shared_handler
 .text.irq_remove_handler
                0x1000126c      0x18c CMakeFiles/main.dir/home/luis/.pico-sdk/sdk/2.1.0/src/rp2_common/hardware_irq/irq.c.o
                0x1000126c                irq_remove_handler
 .text.irq_add_tail_to_free_list
                0x100013f8       0xf4 CMakeFiles/main.dir/home/luis/.pico-sdk/sdk/2.1.0/src/rp2_common/hardware_irq/irq.c.o
                0x100013f8                irq_add_tail_to_free_list
 .text.user_irq_claim_unused
                0x100014ec       0x2c CMakeFiles/main.dir/home/luis/.pico-sdk/sdk/2.1.0/src/rp2_common/hardware_irq/irq.c.o
                0x100014ec                user_irq_claim_unused
 .text.lock_init
                0x10001518       0x10 CMakeFiles/main.dir/home/luis/.pico-sdk/sdk/2.1.0/src/common/pico_sync/lock_core.c.o
                0x10001518                lock_init
 .text.mutex_init
                0x10001528       0x1a CMakeFiles/main.dir/home/luis/.pico-sdk/sdk/2.1.0/src/common/pico_sync/mutex.c.o
                0x10001528                mutex_init
 .text.recursive_mutex_init
                0x10001542       0x1e CMakeFiles/main.dir/home/luis/.pico-sdk/sdk/2.1.0/src/common/pico_sync/mutex.c.o
                0x10001542                recursive_mutex_init
 .text.runtime_init_mutex
                0x10001560       0x4c CMakeFiles/main.dir/home/luis/.pico-sdk/sdk/2.1.0/src/common/pico_sync/mutex.c.o
                0x10001560                runtime_init_mutex
 .text.critical_section_init_with_lock_num
                0x100015ac       0x14 CMakeFiles/main.dir/home/luis/.pico-sdk/sdk/2.1.0/src/common/pico_sync/critical_section.c.o
                0x100015ac                critical_section_init_with_lock_num
 .text.critical_section_init
                0x100015c0       0x14 CMakeFiles/main.dir/home/luis/.pico-sdk/sdk/2.1.0/src/common/pico_sync/critical_section.c.o
                0x100015c0                critical_section_init
 .text.make_alarm_id
                0x100015d4        0x6 CMakeFiles/main.dir/home/luis/.pico-sdk/sdk/2.1.0/src/common/pico_time/time.c.o
 *fill*         0x100015da        0x2 
 .text.sleep_until_callback
                0x100015dc       0x30 CMakeFiles/main.dir/home/luis/.pico-sdk/sdk/2.1.0/src/common/pico_time/time.c.o
 .text.alarm_pool_irq_handler
                0x1000160c      0x2f8 CMakeFiles/main.dir/home/luis/.pico-sdk/sdk/2.1.0/src/common/pico_time/time.c.o
 .text.ta_enable_irq_handler
                0x10001904       0x2c CMakeFiles/main.dir/home/luis/.pico-sdk/sdk/2.1.0/src/common/pico_time/time.c.o
 .text.alarm_pool_post_alloc_init
                0x10001930       0x78 CMakeFiles/main.dir/home/luis/.pico-sdk/sdk/2.1.0/src/common/pico_time/time.c.o
 .text.alarm_pool_get_default
                0x100019a8       0x2c CMakeFiles/main.dir/home/luis/.pico-sdk/sdk/2.1.0/src/common/pico_time/time.c.o
                0x100019a8                alarm_pool_get_default
 .text.alarm_pool_add_alarm_at_force_in_context
                0x100019d4       0xa4 CMakeFiles/main.dir/home/luis/.pico-sdk/sdk/2.1.0/src/common/pico_time/time.c.o
                0x100019d4                alarm_pool_add_alarm_at_force_in_context
 .text.alarm_pool_add_alarm_at
                0x10001a78       0x3c CMakeFiles/main.dir/home/luis/.pico-sdk/sdk/2.1.0/src/common/pico_time/time.c.o
                0x10001a78                alarm_pool_add_alarm_at
 .text.add_alarm_at
                0x10001ab4       0x2e CMakeFiles/main.dir/home/luis/.pico-sdk/sdk/2.1.0/src/common/pico_time/time.c.o
 *fill*         0x10001ae2        0x2 
 .text.alarm_pool_cancel_alarm
                0x10001ae4       0x78 CMakeFiles/main.dir/home/luis/.pico-sdk/sdk/2.1.0/src/common/pico_time/time.c.o
                0x10001ae4                alarm_pool_cancel_alarm
 .text.cancel_alarm
                0x10001b5c       0x10 CMakeFiles/main.dir/home/luis/.pico-sdk/sdk/2.1.0/src/common/pico_time/time.c.o
 .text.alarm_pool_core_num
                0x10001b6c        0x4 CMakeFiles/main.dir/home/luis/.pico-sdk/sdk/2.1.0/src/common/pico_time/time.c.o
                0x10001b6c                alarm_pool_core_num
 .text.sleep_until
                0x10001b70       0xc0 CMakeFiles/main.dir/home/luis/.pico-sdk/sdk/2.1.0/src/common/pico_time/time.c.o
                0x10001b70                sleep_until
 .text.sleep_us
                0x10001c30       0x24 CMakeFiles/main.dir/home/luis/.pico-sdk/sdk/2.1.0/src/common/pico_time/time.c.o
                0x10001c30                sleep_us
 .text.sleep_ms
                0x10001c54       0x14 CMakeFiles/main.dir/home/luis/.pico-sdk/sdk/2.1.0/src/common/pico_time/time.c.o
                0x10001c54                sleep_ms
 .text.best_effort_wfe_or_timeout
                0x10001c68      0x104 CMakeFiles/main.dir/home/luis/.pico-sdk/sdk/2.1.0/src/common/pico_time/time.c.o
                0x10001c68                best_effort_wfe_or_timeout
 .text.alarm_pool_get_default_timer
                0x10001d6c        0x8 CMakeFiles/main.dir/home/luis/.pico-sdk/sdk/2.1.0/src/common/pico_time/time.c.o
                0x10001d6c                alarm_pool_get_default_timer
 .text.runtime_init_default_alarm_pool
                0x10001d74       0x38 CMakeFiles/main.dir/home/luis/.pico-sdk/sdk/2.1.0/src/common/pico_time/time.c.o
                0x10001d74                runtime_init_default_alarm_pool
 .text.timer_hardware_alarm_claim
                0x10001dac       0x14 CMakeFiles/main.dir/home/luis/.pico-sdk/sdk/2.1.0/src/rp2_common/hardware_timer/timer.c.o
                0x10001dac                timer_hardware_alarm_claim
 .text.timer_time_us_64
                0x10001dc0       0x10 CMakeFiles/main.dir/home/luis/.pico-sdk/sdk/2.1.0/src/rp2_common/hardware_timer/timer.c.o
                0x10001dc0                timer_time_us_64
 .text.timer_busy_wait_until
                0x10001dd0       0x1a CMakeFiles/main.dir/home/luis/.pico-sdk/sdk/2.1.0/src/rp2_common/hardware_timer/timer.c.o
                0x10001dd0                timer_busy_wait_until
 .text.timer_busy_wait_us
                0x10001dea       0x38 CMakeFiles/main.dir/home/luis/.pico-sdk/sdk/2.1.0/src/rp2_common/hardware_timer/timer.c.o
                0x10001dea                timer_busy_wait_us
 *fill*         0x10001e22        0x2 
 .text.time_us_64
                0x10001e24       0x10 CMakeFiles/main.dir/home/luis/.pico-sdk/sdk/2.1.0/src/rp2_common/hardware_timer/timer.c.o
                0x10001e24                time_us_64
 .text.busy_wait_us
                0x10001e34       0x14 CMakeFiles/main.dir/home/luis/.pico-sdk/sdk/2.1.0/src/rp2_common/hardware_timer/timer.c.o
                0x10001e34                busy_wait_us
 .text.busy_wait_until
                0x10001e48       0x14 CMakeFiles/main.dir/home/luis/.pico-sdk/sdk/2.1.0/src/rp2_common/hardware_timer/timer.c.o
                0x10001e48                busy_wait_until
 .text.uart_unreset
                0x10001e5c       0x2c CMakeFiles/main.dir/home/luis/.pico-sdk/sdk/2.1.0/src/rp2_common/hardware_uart/uart.c.o
 .text.uart_disable_before_lcr_write
                0x10001e88       0x48 CMakeFiles/main.dir/home/luis/.pico-sdk/sdk/2.1.0/src/rp2_common/hardware_uart/uart.c.o
 .text.uart_write_lcr_bits_masked
                0x10001ed0       0x20 CMakeFiles/main.dir/home/luis/.pico-sdk/sdk/2.1.0/src/rp2_common/hardware_uart/uart.c.o
 .text.uart_set_baudrate
                0x10001ef0       0x5c CMakeFiles/main.dir/home/luis/.pico-sdk/sdk/2.1.0/src/rp2_common/hardware_uart/uart.c.o
                0x10001ef0                uart_set_baudrate
 .text.uart_set_translate_crlf
                0x10001f4c       0x28 CMakeFiles/main.dir/home/luis/.pico-sdk/sdk/2.1.0/src/rp2_common/hardware_uart/uart.c.o
                0x10001f4c                uart_set_translate_crlf
 .text.uart_init
                0x10001f74       0x64 CMakeFiles/main.dir/home/luis/.pico-sdk/sdk/2.1.0/src/rp2_common/hardware_uart/uart.c.o
                0x10001f74                uart_init
 .text.clock_configure_internal
                0x10001fd8       0xc4 CMakeFiles/main.dir/home/luis/.pico-sdk/sdk/2.1.0/src/rp2_common/hardware_clocks/clocks.c.o
 .text.clock_configure_int_divider
                0x1000209c       0x28 CMakeFiles/main.dir/home/luis/.pico-sdk/sdk/2.1.0/src/rp2_common/hardware_clocks/clocks.c.o
                0x1000209c                clock_configure_int_divider
 .text.clock_configure_undivided
                0x100020c4       0x12 CMakeFiles/main.dir/home/luis/.pico-sdk/sdk/2.1.0/src/rp2_common/hardware_clocks/clocks.c.o
                0x100020c4                clock_configure_undivided
 *fill*         0x100020d6        0x2 
 .text.clock_get_hz
                0x100020d8        0xc CMakeFiles/main.dir/home/luis/.pico-sdk/sdk/2.1.0/src/rp2_common/hardware_clocks/clocks.c.o
                0x100020d8                clock_get_hz
 .text.pll_init
                0x100020e4      0x124 CMakeFiles/main.dir/home/luis/.pico-sdk/sdk/2.1.0/src/rp2_common/hardware_pll/pll.c.o
                0x100020e4                pll_init
 .text.watchdog_update
                0x10002208       0x14 CMakeFiles/main.dir/home/luis/.pico-sdk/sdk/2.1.0/src/rp2_common/hardware_watchdog/watchdog.c.o
                0x10002208                watchdog_update
 .text._watchdog_enable
                0x1000221c       0x7c CMakeFiles/main.dir/home/luis/.pico-sdk/sdk/2.1.0/src/rp2_common/hardware_watchdog/watchdog.c.o
                0x1000221c                _watchdog_enable
 .text.watchdog_reboot
                0x10002298       0x48 CMakeFiles/main.dir/home/luis/.pico-sdk/sdk/2.1.0/src/rp2_common/hardware_watchdog/watchdog.c.o
                0x10002298                watchdog_reboot
 .text.tick_start
                0x100022e0       0x10 CMakeFiles/main.dir/home/luis/.pico-sdk/sdk/2.1.0/src/rp2_common/hardware_ticks/ticks.c.o
                0x100022e0                tick_start
 .text.rom_func_lookup
                0x100022f0       0x10 CMakeFiles/main.dir/home/luis/.pico-sdk/sdk/2.1.0/src/rp2_common/pico_bootrom/bootrom.c.o
                0x100022f0                rom_func_lookup
 .text.rom_data_lookup
                0x10002300       0x10 CMakeFiles/main.dir/home/luis/.pico-sdk/sdk/2.1.0/src/rp2_common/pico_bootrom/bootrom.c.o
                0x10002300                rom_data_lookup
 .text.rom_funcs_lookup
                0x10002310       0x36 CMakeFiles/main.dir/home/luis/.pico-sdk/sdk/2.1.0/src/rp2_common/pico_bootrom/bootrom.c.o
                0x10002310                rom_funcs_lookup
 *fill*         0x10002346        0x2 
 .text.rom_reset_usb_boot_extra
                0x10002348       0x24 CMakeFiles/main.dir/home/luis/.pico-sdk/sdk/2.1.0/src/rp2_common/pico_bootrom/bootrom.c.o
                0x10002348                rom_reset_usb_boot_extra
 .text.xosc_init
                0x1000236c       0x28 CMakeFiles/main.dir/home/luis/.pico-sdk/sdk/2.1.0/src/rp2_common/hardware_xosc/xosc.c.o
                0x1000236c                xosc_init
 .text.runtime_run_initializers_from
                0x10002394       0x18 CMakeFiles/main.dir/home/luis/.pico-sdk/sdk/2.1.0/src/rp2_common/pico_runtime/runtime.c.o
 .text.first_per_core_initializer
                0x100023ac        0x2 CMakeFiles/main.dir/home/luis/.pico-sdk/sdk/2.1.0/src/rp2_common/pico_runtime/runtime.c.o
 *fill*         0x100023ae        0x2 
 .text.runtime_run_initializers
                0x100023b0       0x10 CMakeFiles/main.dir/home/luis/.pico-sdk/sdk/2.1.0/src/rp2_common/pico_runtime/runtime.c.o
                0x100023b0                runtime_run_initializers
 .text.runtime_init_early_resets
                0x100023c0       0x2c CMakeFiles/main.dir/home/luis/.pico-sdk/sdk/2.1.0/src/rp2_common/pico_runtime_init/runtime_init.c.o
                0x100023c0                runtime_init_early_resets
 .text.runtime_init_usb_power_down
                0x100023ec       0x1c CMakeFiles/main.dir/home/luis/.pico-sdk/sdk/2.1.0/src/rp2_common/pico_runtime_init/runtime_init.c.o
                0x100023ec                runtime_init_usb_power_down
 .text.runtime_init_post_clock_resets
                0x10002408       0x20 CMakeFiles/main.dir/home/luis/.pico-sdk/sdk/2.1.0/src/rp2_common/pico_runtime_init/runtime_init.c.o
                0x10002408                runtime_init_post_clock_resets
 .text.runtime_init_rp2040_gpio_ie_disable
                0x10002428       0x14 CMakeFiles/main.dir/home/luis/.pico-sdk/sdk/2.1.0/src/rp2_common/pico_runtime_init/runtime_init.c.o
                0x10002428                runtime_init_rp2040_gpio_ie_disable
 .text.runtime_init_spin_locks_reset
                0x1000243c        0x8 CMakeFiles/main.dir/home/luis/.pico-sdk/sdk/2.1.0/src/rp2_common/pico_runtime_init/runtime_init.c.o
                0x1000243c                runtime_init_spin_locks_reset
 .text.runtime_init_install_ram_vector_table
                0x10002444       0x1c CMakeFiles/main.dir/home/luis/.pico-sdk/sdk/2.1.0/src/rp2_common/pico_runtime_init/runtime_init.c.o
                0x10002444                runtime_init_install_ram_vector_table
 .text.start_all_ticks
                0x10002460       0x28 CMakeFiles/main.dir/home/luis/.pico-sdk/sdk/2.1.0/src/rp2_common/pico_runtime_init/runtime_init_clocks.c.o
 .text.runtime_init_clocks
                0x10002488       0xcc CMakeFiles/main.dir/home/luis/.pico-sdk/sdk/2.1.0/src/rp2_common/pico_runtime_init/runtime_init_clocks.c.o
                0x10002488                runtime_init_clocks
 .text          0x10002554       0x10 CMakeFiles/main.dir/home/luis/.pico-sdk/sdk/2.1.0/src/rp2_common/pico_bit_ops/bit_ops_aeabi.S.o
 .text.__wrap___aeabi_idiv
                0x10002564       0x50 CMakeFiles/main.dir/home/luis/.pico-sdk/sdk/2.1.0/src/rp2_common/pico_divider/divider_hardware.S.o
                0x10002564                __wrap___aeabi_idivmod
                0x10002564                divmod_s32s32
                0x10002564                div_s32s32
                0x10002564                __wrap___aeabi_idiv
                0x1000256c                divmod_s32s32_unsafe
                0x10002598                divmod_s32s32_savestate
 .text.__wrap___aeabi_uidiv
                0x100025b4       0x4c CMakeFiles/main.dir/home/luis/.pico-sdk/sdk/2.1.0/src/rp2_common/pico_divider/divider_hardware.S.o
                0x100025b4                __wrap___aeabi_uidiv
                0x100025b4                __wrap___aeabi_uidivmod
                0x100025b4                div_u32u32
                0x100025b4                divmod_u32u32
                0x100025bc                divmod_u32u32_unsafe
                0x100025e4                divmod_u32u32_savestate
 .text.__wrap___aeabi_ldiv
                0x10002600      0x424 CMakeFiles/main.dir/home/luis/.pico-sdk/sdk/2.1.0/src/rp2_common/pico_divider/divider_hardware.S.o
                0x10002600                div_s64s64
                0x10002600                divmod_s64s64
                0x10002600                __wrap___aeabi_ldivmod
                0x10002630                div_u64u64
                0x10002630                divmod_u64u64
                0x10002630                __wrap___aeabi_uldivmod
                0x10002640                divmod_u64u64_savestate
                0x10002660                divmod_s64s64_unsafe
                0x100026e8                divmod_u64u64_unsafe
 .text.__wrap___aeabi_darithmetic
                0x10002a24       0x60 CMakeFiles/main.dir/home/luis/.pico-sdk/sdk/2.1.0/src/rp2_common/pico_double/double_aeabi_rp2040.S.o
                0x10002a24                __wrap___aeabi_drsub
                0x10002a2a                __wrap___aeabi_dsub
                0x10002a34                __wrap___aeabi_dadd
                0x10002a3e                __wrap___aeabi_ddiv
                0x10002a72                __wrap___aeabi_dmul
 .text.__wrap___aeabi_cdcmple
                0x10002a84       0x6c CMakeFiles/main.dir/home/luis/.pico-sdk/sdk/2.1.0/src/rp2_common/pico_double/double_aeabi_rp2040.S.o
                0x10002a84                __wrap___aeabi_cdrcmple
                0x10002a94                __wrap___aeabi_cdcmple
                0x10002a94                __wrap___aeabi_cdcmpeq
 .text.__wrap___aeabi_dcmplt
                0x10002af0        0xc CMakeFiles/main.dir/home/luis/.pico-sdk/sdk/2.1.0/src/rp2_common/pico_double/double_aeabi_rp2040.S.o
                0x10002af0                __wrap___aeabi_dcmplt
 .text.__wrap___aeabi_dcmple
                0x10002afc       0x10 CMakeFiles/main.dir/home/luis/.pico-sdk/sdk/2.1.0/src/rp2_common/pico_double/double_aeabi_rp2040.S.o
                0x10002afc                __wrap___aeabi_dcmple
 .text.__wrap___aeabi_dcmpge
                0x10002b0c       0x10 CMakeFiles/main.dir/home/luis/.pico-sdk/sdk/2.1.0/src/rp2_common/pico_double/double_aeabi_rp2040.S.o
                0x10002b0c                __wrap___aeabi_dcmpge
 .text.__wrap___aeabi_dcmpgt
                0x10002b1c        0xa CMakeFiles/main.dir/home/luis/.pico-sdk/sdk/2.1.0/src/rp2_common/pico_double/double_aeabi_rp2040.S.o
                0x10002b1c                __wrap___aeabi_dcmpgt
 .text.__wrap___aeabi_dcmpun
                0x10002b26       0x18 CMakeFiles/main.dir/home/luis/.pico-sdk/sdk/2.1.0/src/rp2_common/pico_double/double_aeabi_rp2040.S.o
                0x10002b26                __wrap___aeabi_dcmpun
 *fill*         0x10002b3e        0x2 
 .text.__wrap___aeabi_i2d
                0x10002b40       0x38 CMakeFiles/main.dir/home/luis/.pico-sdk/sdk/2.1.0/src/rp2_common/pico_double/double_aeabi_rp2040.S.o
                0x10002b40                __wrap___aeabi_ui2d
                0x10002b48                __wrap___aeabi_i2d
 .text.__wrap___aeabi_d2iz
                0x10002b78       0x48 CMakeFiles/main.dir/home/luis/.pico-sdk/sdk/2.1.0/src/rp2_common/pico_double/double_aeabi_rp2040.S.o
                0x10002b78                __wrap___aeabi_d2iz
                0x10002b78                double2int_z
 .text.__wrap___aeabi_d2uiz
                0x10002bc0       0x10 CMakeFiles/main.dir/home/luis/.pico-sdk/sdk/2.1.0/src/rp2_common/pico_double/double_aeabi_rp2040.S.o
                0x10002bc0                double2uint
                0x10002bc0                __wrap___aeabi_d2uiz
 .text.missing_double_func_shim
                0x10002bd0        0xc CMakeFiles/main.dir/home/luis/.pico-sdk/sdk/2.1.0/src/rp2_common/pico_double/double_init_rom_rp2040.c.o
 .text.__aeabi_double_init
                0x10002bdc       0xd0 CMakeFiles/main.dir/home/luis/.pico-sdk/sdk/2.1.0/src/rp2_common/pico_double/double_init_rom_rp2040.c.o
                0x10002bdc                __aeabi_double_init
 .text.double_table_shim_on_use_helper
                0x10002cac       0x34 CMakeFiles/main.dir/home/luis/.pico-sdk/sdk/2.1.0/src/rp2_common/pico_double/double_v1_rom_shim_rp2040.S.o
                0x10002cac                double_table_shim_on_use_helper
 .text.__aeabi_lmul
                0x10002ce0       0x32 CMakeFiles/main.dir/home/luis/.pico-sdk/sdk/2.1.0/src/rp2_common/pico_int64_ops/pico_int64_ops_aeabi.S.o
                0x10002ce0                __wrap___aeabi_lmul
 *fill*         0x10002d12        0x2 
 .text.missing_float_func_shim
                0x10002d14        0xc CMakeFiles/main.dir/home/luis/.pico-sdk/sdk/2.1.0/src/rp2_common/pico_float/float_init_rom_rp2040.c.o
 .text.__aeabi_float_init
                0x10002d20       0x88 CMakeFiles/main.dir/home/luis/.pico-sdk/sdk/2.1.0/src/rp2_common/pico_float/float_init_rom_rp2040.c.o
                0x10002d20                __aeabi_float_init
 .text.check_alloc
                0x10002da8       0x20 CMakeFiles/main.dir/home/luis/.pico-sdk/sdk/2.1.0/src/rp2_common/pico_malloc/malloc.c.o
 .text.__wrap_calloc
                0x10002dc8       0x18 CMakeFiles/main.dir/home/luis/.pico-sdk/sdk/2.1.0/src/rp2_common/pico_malloc/malloc.c.o
                0x10002dc8                __wrap_calloc
 .text          0x10002de0       0x10 CMakeFiles/main.dir/home/luis/.pico-sdk/sdk/2.1.0/src/rp2_common/pico_mem_ops/mem_ops_aeabi.S.o
                0x10002de0                __aeabi_mem_init
 .text.memset   0x10002df0        0xc CMakeFiles/main.dir/home/luis/.pico-sdk/sdk/2.1.0/src/rp2_common/pico_mem_ops/mem_ops_aeabi.S.o
                0x10002df0                __wrap_memset
 .text.memcpy   0x10002dfc        0xc CMakeFiles/main.dir/home/luis/.pico-sdk/sdk/2.1.0/src/rp2_common/pico_mem_ops/mem_ops_aeabi.S.o
                0x10002dfc                __wrap___aeabi_memcpy
                0x10002dfc                __wrap_memcpy
 .text._out_null
                0x10002e08        0x2 CMakeFiles/main.dir/home/luis/.pico-sdk/sdk/2.1.0/src/rp2_common/pico_printf/printf.c.o
 .text._out_fct
                0x10002e0a        0xe CMakeFiles/main.dir/home/luis/.pico-sdk/sdk/2.1.0/src/rp2_common/pico_printf/printf.c.o
 .text._atoi    0x10002e18       0x24 CMakeFiles/main.dir/home/luis/.pico-sdk/sdk/2.1.0/src/rp2_common/pico_printf/printf.c.o
 .text._out_rev
                0x10002e3c       0xae CMakeFiles/main.dir/home/luis/.pico-sdk/sdk/2.1.0/src/rp2_common/pico_printf/printf.c.o
 .text._ntoa_format
                0x10002eea      0x110 CMakeFiles/main.dir/home/luis/.pico-sdk/sdk/2.1.0/src/rp2_common/pico_printf/printf.c.o
 .text._ntoa_long
                0x10002ffa       0xbc CMakeFiles/main.dir/home/luis/.pico-sdk/sdk/2.1.0/src/rp2_common/pico_printf/printf.c.o
 .text._ntoa_long_long
                0x100030b6      0x10e CMakeFiles/main.dir/home/luis/.pico-sdk/sdk/2.1.0/src/rp2_common/pico_printf/printf.c.o
 .text._etoa    0x100031c4      0x420 CMakeFiles/main.dir/home/luis/.pico-sdk/sdk/2.1.0/src/rp2_common/pico_printf/printf.c.o
 .text._ftoa    0x100035e4      0x354 CMakeFiles/main.dir/home/luis/.pico-sdk/sdk/2.1.0/src/rp2_common/pico_printf/printf.c.o
 .text._vsnprintf
                0x10003938      0x668 CMakeFiles/main.dir/home/luis/.pico-sdk/sdk/2.1.0/src/rp2_common/pico_printf/printf.c.o
 .text.vfctprintf
                0x10003fa0       0x20 CMakeFiles/main.dir/home/luis/.pico-sdk/sdk/2.1.0/src/rp2_common/pico_printf/printf.c.o
                0x10003fa0                vfctprintf
 .text._exit    0x10003fc0        0x4 CMakeFiles/main.dir/home/luis/.pico-sdk/sdk/2.1.0/src/rp2_common/pico_clib_interface/newlib_interface.c.o
                0x10003fc0                _exit
 .text._sbrk    0x10003fc4       0x38 CMakeFiles/main.dir/home/luis/.pico-sdk/sdk/2.1.0/src/rp2_common/pico_clib_interface/newlib_interface.c.o
                0x10003fc4                _sbrk
 .text.exit     0x10003ffc        0x6 CMakeFiles/main.dir/home/luis/.pico-sdk/sdk/2.1.0/src/rp2_common/pico_clib_interface/newlib_interface.c.o
                0x10003ffc                exit
 *fill*         0x10004002        0x2 
 .text.__assert_func
                0x10004004       0x38 CMakeFiles/main.dir/home/luis/.pico-sdk/sdk/2.1.0/src/rp2_common/pico_clib_interface/newlib_interface.c.o
                0x10004004                __assert_func
 .text.runtime_init
                0x1000403c       0x28 CMakeFiles/main.dir/home/luis/.pico-sdk/sdk/2.1.0/src/rp2_common/pico_clib_interface/newlib_interface.c.o
                0x1000403c                runtime_init
 .text.stdio_out_chars_no_crlf
                0x10004064        0xe CMakeFiles/main.dir/home/luis/.pico-sdk/sdk/2.1.0/src/rp2_common/pico_stdio/stdio.c.o
 *fill*         0x10004072        0x2 
 .text.stdio_out_chars_crlf
                0x10004074       0x80 CMakeFiles/main.dir/home/luis/.pico-sdk/sdk/2.1.0/src/rp2_common/pico_stdio/stdio.c.o
 .text.stdio_stack_buffer_flush
                0x100040f4       0x44 CMakeFiles/main.dir/home/luis/.pico-sdk/sdk/2.1.0/src/rp2_common/pico_stdio/stdio.c.o
 .text.stdio_buffered_printer
                0x10004138       0x20 CMakeFiles/main.dir/home/luis/.pico-sdk/sdk/2.1.0/src/rp2_common/pico_stdio/stdio.c.o
 .text.stdout_serialize_begin
                0x10004158       0x30 CMakeFiles/main.dir/home/luis/.pico-sdk/sdk/2.1.0/src/rp2_common/pico_stdio/stdio.c.o
                0x10004158                stdout_serialize_begin
 .text.stdout_serialize_end
                0x10004188       0x10 CMakeFiles/main.dir/home/luis/.pico-sdk/sdk/2.1.0/src/rp2_common/pico_stdio/stdio.c.o
                0x10004188                stdout_serialize_end
 .text.stdio_put_string
                0x10004198       0x94 CMakeFiles/main.dir/home/luis/.pico-sdk/sdk/2.1.0/src/rp2_common/pico_stdio/stdio.c.o
                0x10004198                stdio_put_string
 .text.stdio_set_driver_enabled
                0x1000422c       0x2c CMakeFiles/main.dir/home/luis/.pico-sdk/sdk/2.1.0/src/rp2_common/pico_stdio/stdio.c.o
                0x1000422c                stdio_set_driver_enabled
 .text.stdio_flush
                0x10004258       0x20 CMakeFiles/main.dir/home/luis/.pico-sdk/sdk/2.1.0/src/rp2_common/pico_stdio/stdio.c.o
                0x10004258                stdio_flush
 .text.stdio_init_all
                0x10004278        0xe CMakeFiles/main.dir/home/luis/.pico-sdk/sdk/2.1.0/src/rp2_common/pico_stdio/stdio.c.o
                0x10004278                stdio_init_all
 .text.__wrap_puts
                0x10004286       0x1e CMakeFiles/main.dir/home/luis/.pico-sdk/sdk/2.1.0/src/rp2_common/pico_stdio/stdio.c.o
                0x10004286                __wrap_puts
                0x10004286                stdio_puts
 .text.__wrap_vprintf
                0x100042a4       0x40 CMakeFiles/main.dir/home/luis/.pico-sdk/sdk/2.1.0/src/rp2_common/pico_stdio/stdio.c.o
                0x100042a4                __wrap_vprintf
                0x100042a4                stdio_vprintf
 .text.__wrap_printf
                0x100042e4       0x18 CMakeFiles/main.dir/home/luis/.pico-sdk/sdk/2.1.0/src/rp2_common/pico_stdio/stdio.c.o
                0x100042e4                stdio_printf
                0x100042e4                __wrap_printf
 .text.uart_putc
                0x100042fc       0x60 CMakeFiles/main.dir/home/luis/.pico-sdk/sdk/2.1.0/src/rp2_common/pico_stdio_uart/stdio_uart.c.o
 .text.uart_getc
                0x1000435c       0x24 CMakeFiles/main.dir/home/luis/.pico-sdk/sdk/2.1.0/src/rp2_common/pico_stdio_uart/stdio_uart.c.o
 .text.stdio_uart_out_chars
                0x10004380       0x20 CMakeFiles/main.dir/home/luis/.pico-sdk/sdk/2.1.0/src/rp2_common/pico_stdio_uart/stdio_uart.c.o
 .text.stdio_uart_in_chars
                0x100043a0       0x5c CMakeFiles/main.dir/home/luis/.pico-sdk/sdk/2.1.0/src/rp2_common/pico_stdio_uart/stdio_uart.c.o
                0x100043a0                stdio_uart_in_chars
 .text.on_uart_rx
                0x100043fc       0x28 CMakeFiles/main.dir/home/luis/.pico-sdk/sdk/2.1.0/src/rp2_common/pico_stdio_uart/stdio_uart.c.o
 .text.stdio_uart_out_flush
                0x10004424       0x10 CMakeFiles/main.dir/home/luis/.pico-sdk/sdk/2.1.0/src/rp2_common/pico_stdio_uart/stdio_uart.c.o
 .text.stdio_uart_set_chars_available_callback
                0x10004434       0x90 CMakeFiles/main.dir/home/luis/.pico-sdk/sdk/2.1.0/src/rp2_common/pico_stdio_uart/stdio_uart.c.o
 .text.stdio_uart_init_full
                0x100044c4       0x44 CMakeFiles/main.dir/home/luis/.pico-sdk/sdk/2.1.0/src/rp2_common/pico_stdio_uart/stdio_uart.c.o
                0x100044c4                stdio_uart_init_full
 .text.stdio_uart_init
                0x10004508       0x30 CMakeFiles/main.dir/home/luis/.pico-sdk/sdk/2.1.0/src/rp2_common/pico_stdio_uart/stdio_uart.c.o
                0x10004508                stdio_uart_init
 .text.resetd_init
                0x10004538        0x2 CMakeFiles/main.dir/home/luis/.pico-sdk/sdk/2.1.0/src/rp2_common/pico_stdio_usb/reset_interface.c.o
 *fill*         0x1000453a        0x2 
 .text.resetd_reset
                0x1000453c        0xc CMakeFiles/main.dir/home/luis/.pico-sdk/sdk/2.1.0/src/rp2_common/pico_stdio_usb/reset_interface.c.o
 .text.resetd_open
                0x10004548       0x34 CMakeFiles/main.dir/home/luis/.pico-sdk/sdk/2.1.0/src/rp2_common/pico_stdio_usb/reset_interface.c.o
 .text.resetd_xfer_cb
                0x1000457c        0x4 CMakeFiles/main.dir/home/luis/.pico-sdk/sdk/2.1.0/src/rp2_common/pico_stdio_usb/reset_interface.c.o
 .text.resetd_control_xfer_cb
                0x10004580       0x60 CMakeFiles/main.dir/home/luis/.pico-sdk/sdk/2.1.0/src/rp2_common/pico_stdio_usb/reset_interface.c.o
 .text.tud_descriptor_bos_cb
                0x100045e0        0x8 CMakeFiles/main.dir/home/luis/.pico-sdk/sdk/2.1.0/src/rp2_common/pico_stdio_usb/reset_interface.c.o
                0x100045e0                tud_descriptor_bos_cb
 .text.tud_vendor_control_xfer_cb
                0x100045e8       0x38 CMakeFiles/main.dir/home/luis/.pico-sdk/sdk/2.1.0/src/rp2_common/pico_stdio_usb/reset_interface.c.o
                0x100045e8                tud_vendor_control_xfer_cb
 .text.usbd_app_driver_get_cb
                0x10004620        0xc CMakeFiles/main.dir/home/luis/.pico-sdk/sdk/2.1.0/src/rp2_common/pico_stdio_usb/reset_interface.c.o
                0x10004620                usbd_app_driver_get_cb
 .text.tud_cdc_line_coding_cb
                0x1000462c       0x2c CMakeFiles/main.dir/home/luis/.pico-sdk/sdk/2.1.0/src/rp2_common/pico_stdio_usb/reset_interface.c.o
                0x1000462c                tud_cdc_line_coding_cb
 .text.stdio_usb_set_chars_available_callback
                0x10004658       0x14 CMakeFiles/main.dir/home/luis/.pico-sdk/sdk/2.1.0/src/rp2_common/pico_stdio_usb/stdio_usb.c.o
                0x10004658                stdio_usb_set_chars_available_callback
 .text.stdio_usb_out_flush
                0x1000466c       0x4c CMakeFiles/main.dir/home/luis/.pico-sdk/sdk/2.1.0/src/rp2_common/pico_stdio_usb/stdio_usb.c.o
 .text.usb_irq  0x100046b8       0x10 CMakeFiles/main.dir/home/luis/.pico-sdk/sdk/2.1.0/src/rp2_common/pico_stdio_usb/stdio_usb.c.o
 .text.critical_section_enter_blocking
                0x100046c8       0x16 CMakeFiles/main.dir/home/luis/.pico-sdk/sdk/2.1.0/src/rp2_common/pico_stdio_usb/stdio_usb.c.o
 *fill*         0x100046de        0x2 
 .text.timer_task
                0x100046e0       0x60 CMakeFiles/main.dir/home/luis/.pico-sdk/sdk/2.1.0/src/rp2_common/pico_stdio_usb/stdio_usb.c.o
 .text.alarm_pool_add_alarm_in_us
                0x10004740       0x40 CMakeFiles/main.dir/home/luis/.pico-sdk/sdk/2.1.0/src/rp2_common/pico_stdio_usb/stdio_usb.c.o
 .text.add_alarm_in_us
                0x10004780       0x2e CMakeFiles/main.dir/home/luis/.pico-sdk/sdk/2.1.0/src/rp2_common/pico_stdio_usb/stdio_usb.c.o
 *fill*         0x100047ae        0x2 
 .text.low_priority_worker_irq
                0x100047b0       0xa0 CMakeFiles/main.dir/home/luis/.pico-sdk/sdk/2.1.0/src/rp2_common/pico_stdio_usb/stdio_usb.c.o
 .text.stdio_usb_init
                0x10004850       0xdc CMakeFiles/main.dir/home/luis/.pico-sdk/sdk/2.1.0/src/rp2_common/pico_stdio_usb/stdio_usb.c.o
                0x10004850                stdio_usb_init
 .text.stdio_usb_connected
                0x1000492c        0xa CMakeFiles/main.dir/home/luis/.pico-sdk/sdk/2.1.0/src/rp2_common/pico_stdio_usb/stdio_usb.c.o
                0x1000492c                stdio_usb_connected
 *fill*         0x10004936        0x2 
 .text.stdio_usb_in_chars
                0x10004938       0x98 CMakeFiles/main.dir/home/luis/.pico-sdk/sdk/2.1.0/src/rp2_common/pico_stdio_usb/stdio_usb.c.o
                0x10004938                stdio_usb_in_chars
 .text.stdio_usb_out_chars
                0x100049d0       0xe8 CMakeFiles/main.dir/home/luis/.pico-sdk/sdk/2.1.0/src/rp2_common/pico_stdio_usb/stdio_usb.c.o
 .text.tud_descriptor_device_cb
                0x10004ab8        0x8 CMakeFiles/main.dir/home/luis/.pico-sdk/sdk/2.1.0/src/rp2_common/pico_stdio_usb/stdio_usb_descriptors.c.o
                0x10004ab8                tud_descriptor_device_cb
 .text.tud_descriptor_configuration_cb
                0x10004ac0        0x8 CMakeFiles/main.dir/home/luis/.pico-sdk/sdk/2.1.0/src/rp2_common/pico_stdio_usb/stdio_usb_descriptors.c.o
                0x10004ac0                tud_descriptor_configuration_cb
 .text.tud_descriptor_string_cb
                0x10004ac8       0x6c CMakeFiles/main.dir/home/luis/.pico-sdk/sdk/2.1.0/src/rp2_common/pico_stdio_usb/stdio_usb_descriptors.c.o
                0x10004ac8                tud_descriptor_string_cb
 .text._retrieve_unique_id_on_boot
                0x10004b34       0x10 CMakeFiles/main.dir/home/luis/.pico-sdk/sdk/2.1.0/src/rp2_common/pico_unique_id/unique_id.c.o
 .text.pico_get_unique_board_id_string
                0x10004b44       0x5c CMakeFiles/main.dir/home/luis/.pico-sdk/sdk/2.1.0/src/rp2_common/pico_unique_id/unique_id.c.o
                0x10004b44                pico_get_unique_board_id_string
 .text.flash_get_unique_id
                0x10004ba0       0x40 CMakeFiles/main.dir/home/luis/.pico-sdk/sdk/2.1.0/src/rp2_common/hardware_flash/flash.c.o
                0x10004ba0                flash_get_unique_id
 .text._hw_endpoint_alloc
                0x10004be0       0x70 CMakeFiles/main.dir/home/luis/.pico-sdk/sdk/2.1.0/lib/tinyusb/src/portable/raspberrypi/rp2040/dcd_rp2040.c.o
 .text.hw_endpoint_init
                0x10004c50       0xbc CMakeFiles/main.dir/home/luis/.pico-sdk/sdk/2.1.0/lib/tinyusb/src/portable/raspberrypi/rp2040/dcd_rp2040.c.o
 .text.hw_endpoint_xfer
                0x10004d0c       0x20 CMakeFiles/main.dir/home/luis/.pico-sdk/sdk/2.1.0/lib/tinyusb/src/portable/raspberrypi/rp2040/dcd_rp2040.c.o
 .text.dcd_int_enable
                0x10004d2c       0x2c CMakeFiles/main.dir/home/luis/.pico-sdk/sdk/2.1.0/lib/tinyusb/src/portable/raspberrypi/rp2040/dcd_rp2040.c.o
                0x10004d2c                dcd_int_enable
 .text.dcd_set_address
                0x10004d58       0x2c CMakeFiles/main.dir/home/luis/.pico-sdk/sdk/2.1.0/lib/tinyusb/src/portable/raspberrypi/rp2040/dcd_rp2040.c.o
                0x10004d58                dcd_set_address
 .text.dcd_connect
                0x10004d84       0x10 CMakeFiles/main.dir/home/luis/.pico-sdk/sdk/2.1.0/lib/tinyusb/src/portable/raspberrypi/rp2040/dcd_rp2040.c.o
                0x10004d84                dcd_connect
 .text.dcd_init
                0x10004d94       0x80 CMakeFiles/main.dir/home/luis/.pico-sdk/sdk/2.1.0/lib/tinyusb/src/portable/raspberrypi/rp2040/dcd_rp2040.c.o
                0x10004d94                dcd_init
 .text.dcd_sof_enable
                0x10004e14       0x1c CMakeFiles/main.dir/home/luis/.pico-sdk/sdk/2.1.0/lib/tinyusb/src/portable/raspberrypi/rp2040/dcd_rp2040.c.o
                0x10004e14                dcd_sof_enable
 .text.dcd_edpt0_status_complete
                0x10004e30       0x1c CMakeFiles/main.dir/home/luis/.pico-sdk/sdk/2.1.0/lib/tinyusb/src/portable/raspberrypi/rp2040/dcd_rp2040.c.o
                0x10004e30                dcd_edpt0_status_complete
 .text.dcd_edpt_open
                0x10004e4c       0x40 CMakeFiles/main.dir/home/luis/.pico-sdk/sdk/2.1.0/lib/tinyusb/src/portable/raspberrypi/rp2040/dcd_rp2040.c.o
                0x10004e4c                dcd_edpt_open
 .text.dcd_edpt_close_all
                0x10004e8c        0x8 CMakeFiles/main.dir/home/luis/.pico-sdk/sdk/2.1.0/lib/tinyusb/src/portable/raspberrypi/rp2040/dcd_rp2040.c.o
                0x10004e8c                dcd_edpt_close_all
 .text.dcd_edpt_xfer
                0x10004e94       0x30 CMakeFiles/main.dir/home/luis/.pico-sdk/sdk/2.1.0/lib/tinyusb/src/portable/raspberrypi/rp2040/dcd_rp2040.c.o
                0x10004e94                dcd_edpt_xfer
 .text.dcd_edpt_stall
                0x10004ec4       0x3c CMakeFiles/main.dir/home/luis/.pico-sdk/sdk/2.1.0/lib/tinyusb/src/portable/raspberrypi/rp2040/dcd_rp2040.c.o
                0x10004ec4                dcd_edpt_stall
 .text.dcd_edpt_clear_stall
                0x10004f00       0x30 CMakeFiles/main.dir/home/luis/.pico-sdk/sdk/2.1.0/lib/tinyusb/src/portable/raspberrypi/rp2040/dcd_rp2040.c.o
                0x10004f00                dcd_edpt_clear_stall
 .text.unaligned_memcpy
                0x10004f30       0x14 CMakeFiles/main.dir/home/luis/.pico-sdk/sdk/2.1.0/lib/tinyusb/src/portable/raspberrypi/rp2040/rp2040_usb.c.o
 .text.rp2040_usb_init
                0x10004f44       0x44 CMakeFiles/main.dir/home/luis/.pico-sdk/sdk/2.1.0/lib/tinyusb/src/portable/raspberrypi/rp2040/rp2040_usb.c.o
                0x10004f44                rp2040_usb_init
 .text.hw_endpoint_xfer_start
                0x10004f88       0x60 CMakeFiles/main.dir/home/luis/.pico-sdk/sdk/2.1.0/lib/tinyusb/src/portable/raspberrypi/rp2040/rp2040_usb.c.o
                0x10004f88                hw_endpoint_xfer_start
 .text.configuration_reset
                0x10004fe8       0x84 CMakeFiles/main.dir/home/luis/.pico-sdk/sdk/2.1.0/lib/tinyusb/src/device/usbd.c.o
 .text.critical_section_enter_blocking
                0x1000506c       0x16 CMakeFiles/main.dir/home/luis/.pico-sdk/sdk/2.1.0/lib/tinyusb/src/device/usbd.c.o
 .text.usbd_reset
                0x10005082        0xc CMakeFiles/main.dir/home/luis/.pico-sdk/sdk/2.1.0/lib/tinyusb/src/device/usbd.c.o
 .text.invoke_class_control
                0x1000508e       0x1a CMakeFiles/main.dir/home/luis/.pico-sdk/sdk/2.1.0/lib/tinyusb/src/device/usbd.c.o
 .text.process_set_config
                0x100050a8      0x1b0 CMakeFiles/main.dir/home/luis/.pico-sdk/sdk/2.1.0/lib/tinyusb/src/device/usbd.c.o
 .text.tud_event_hook_cb
                0x10005258        0x2 CMakeFiles/main.dir/home/luis/.pico-sdk/sdk/2.1.0/lib/tinyusb/src/device/usbd.c.o
                0x10005258                tud_event_hook_cb
 .text.tud_sof_cb
                0x1000525a        0x2 CMakeFiles/main.dir/home/luis/.pico-sdk/sdk/2.1.0/lib/tinyusb/src/device/usbd.c.o
                0x1000525a                tud_sof_cb
 .text.tud_descriptor_device_qualifier_cb
                0x1000525c        0x4 CMakeFiles/main.dir/home/luis/.pico-sdk/sdk/2.1.0/lib/tinyusb/src/device/usbd.c.o
                0x1000525c                tud_descriptor_device_qualifier_cb
 .text.tud_descriptor_other_speed_configuration_cb
                0x10005260        0x4 CMakeFiles/main.dir/home/luis/.pico-sdk/sdk/2.1.0/lib/tinyusb/src/device/usbd.c.o
                0x10005260                tud_descriptor_other_speed_configuration_cb
 .text.process_get_descriptor
                0x10005264       0xe0 CMakeFiles/main.dir/home/luis/.pico-sdk/sdk/2.1.0/lib/tinyusb/src/device/usbd.c.o
 .text.tud_mount_cb
                0x10005344        0x2 CMakeFiles/main.dir/home/luis/.pico-sdk/sdk/2.1.0/lib/tinyusb/src/device/usbd.c.o
                0x10005344                tud_mount_cb
 .text.tud_umount_cb
                0x10005346        0x2 CMakeFiles/main.dir/home/luis/.pico-sdk/sdk/2.1.0/lib/tinyusb/src/device/usbd.c.o
                0x10005346                tud_umount_cb
 .text.tud_suspend_cb
                0x10005348        0x2 CMakeFiles/main.dir/home/luis/.pico-sdk/sdk/2.1.0/lib/tinyusb/src/device/usbd.c.o
                0x10005348                tud_suspend_cb
 .text.tud_resume_cb
                0x1000534a        0x2 CMakeFiles/main.dir/home/luis/.pico-sdk/sdk/2.1.0/lib/tinyusb/src/device/usbd.c.o
                0x1000534a                tud_resume_cb
 .text.tud_mounted
                0x1000534c       0x10 CMakeFiles/main.dir/home/luis/.pico-sdk/sdk/2.1.0/lib/tinyusb/src/device/usbd.c.o
                0x1000534c                tud_mounted
 .text.tud_suspended
                0x1000535c       0x10 CMakeFiles/main.dir/home/luis/.pico-sdk/sdk/2.1.0/lib/tinyusb/src/device/usbd.c.o
                0x1000535c                tud_suspended
 .text.tud_inited
                0x1000536c       0x14 CMakeFiles/main.dir/home/luis/.pico-sdk/sdk/2.1.0/lib/tinyusb/src/device/usbd.c.o
                0x1000536c                tud_inited
 .text.tud_init
                0x10005380       0xdc CMakeFiles/main.dir/home/luis/.pico-sdk/sdk/2.1.0/lib/tinyusb/src/device/usbd.c.o
                0x10005380                tud_init
 .text.usbd_edpt_open
                0x1000545c       0x60 CMakeFiles/main.dir/home/luis/.pico-sdk/sdk/2.1.0/lib/tinyusb/src/device/usbd.c.o
                0x1000545c                usbd_edpt_open
 .text.usbd_open_edpt_pair
                0x100054bc       0x88 CMakeFiles/main.dir/home/luis/.pico-sdk/sdk/2.1.0/lib/tinyusb/src/device/usbd.c.o
                0x100054bc                usbd_open_edpt_pair
 .text.usbd_edpt_claim
                0x10005544       0x28 CMakeFiles/main.dir/home/luis/.pico-sdk/sdk/2.1.0/lib/tinyusb/src/device/usbd.c.o
                0x10005544                usbd_edpt_claim
 .text.usbd_edpt_release
                0x1000556c       0x28 CMakeFiles/main.dir/home/luis/.pico-sdk/sdk/2.1.0/lib/tinyusb/src/device/usbd.c.o
                0x1000556c                usbd_edpt_release
 .text.usbd_edpt_xfer
                0x10005594       0x88 CMakeFiles/main.dir/home/luis/.pico-sdk/sdk/2.1.0/lib/tinyusb/src/device/usbd.c.o
                0x10005594                usbd_edpt_xfer
 .text.usbd_edpt_stall
                0x1000561c       0x34 CMakeFiles/main.dir/home/luis/.pico-sdk/sdk/2.1.0/lib/tinyusb/src/device/usbd.c.o
                0x1000561c                usbd_edpt_stall
 .text.usbd_edpt_clear_stall
                0x10005650       0x34 CMakeFiles/main.dir/home/luis/.pico-sdk/sdk/2.1.0/lib/tinyusb/src/device/usbd.c.o
                0x10005650                usbd_edpt_clear_stall
 .text.usbd_edpt_stalled
                0x10005684       0x1c CMakeFiles/main.dir/home/luis/.pico-sdk/sdk/2.1.0/lib/tinyusb/src/device/usbd.c.o
                0x10005684                usbd_edpt_stalled
 .text.process_control_request
                0x100056a0      0x390 CMakeFiles/main.dir/home/luis/.pico-sdk/sdk/2.1.0/lib/tinyusb/src/device/usbd.c.o
 .text.tud_task_ext
                0x10005a30      0x1c8 CMakeFiles/main.dir/home/luis/.pico-sdk/sdk/2.1.0/lib/tinyusb/src/device/usbd.c.o
                0x10005a30                tud_task_ext
 .text._status_stage_xact
                0x10005bf8       0x1a CMakeFiles/main.dir/home/luis/.pico-sdk/sdk/2.1.0/lib/tinyusb/src/device/usbd_control.c.o
 *fill*         0x10005c12        0x2 
 .text._data_stage_xact
                0x10005c14       0x60 CMakeFiles/main.dir/home/luis/.pico-sdk/sdk/2.1.0/lib/tinyusb/src/device/usbd_control.c.o
 .text.tud_control_status
                0x10005c74       0x28 CMakeFiles/main.dir/home/luis/.pico-sdk/sdk/2.1.0/lib/tinyusb/src/device/usbd_control.c.o
                0x10005c74                tud_control_status
 .text.tud_control_xfer
                0x10005c9c       0x98 CMakeFiles/main.dir/home/luis/.pico-sdk/sdk/2.1.0/lib/tinyusb/src/device/usbd_control.c.o
                0x10005c9c                tud_control_xfer
 .text.usbd_control_reset
                0x10005d34       0x14 CMakeFiles/main.dir/home/luis/.pico-sdk/sdk/2.1.0/lib/tinyusb/src/device/usbd_control.c.o
                0x10005d34                usbd_control_reset
 .text.usbd_control_set_complete_callback
                0x10005d48        0xc CMakeFiles/main.dir/home/luis/.pico-sdk/sdk/2.1.0/lib/tinyusb/src/device/usbd_control.c.o
                0x10005d48                usbd_control_set_complete_callback
 .text.usbd_control_set_request
                0x10005d54       0x1c CMakeFiles/main.dir/home/luis/.pico-sdk/sdk/2.1.0/lib/tinyusb/src/device/usbd_control.c.o
                0x10005d54                usbd_control_set_request
 .text.usbd_control_xfer_cb
                0x10005d70       0xe0 CMakeFiles/main.dir/home/luis/.pico-sdk/sdk/2.1.0/lib/tinyusb/src/device/usbd_control.c.o
                0x10005d70                usbd_control_xfer_cb
 .text._prep_out_transaction
                0x10005e50       0x72 CMakeFiles/main.dir/home/luis/.pico-sdk/sdk/2.1.0/lib/tinyusb/src/class/cdc/cdc_device.c.o
 *fill*         0x10005ec2        0x2 
 .text.tud_cdc_n_connected
                0x10005ec4       0x38 CMakeFiles/main.dir/home/luis/.pico-sdk/sdk/2.1.0/lib/tinyusb/src/class/cdc/cdc_device.c.o
                0x10005ec4                tud_cdc_n_connected
 .text.tud_cdc_n_available
                0x10005efc       0x18 CMakeFiles/main.dir/home/luis/.pico-sdk/sdk/2.1.0/lib/tinyusb/src/class/cdc/cdc_device.c.o
                0x10005efc                tud_cdc_n_available
 .text.tud_cdc_n_read
                0x10005f14       0x38 CMakeFiles/main.dir/home/luis/.pico-sdk/sdk/2.1.0/lib/tinyusb/src/class/cdc/cdc_device.c.o
                0x10005f14                tud_cdc_n_read
 .text.tud_cdc_n_write_flush
                0x10005f4c       0xcc CMakeFiles/main.dir/home/luis/.pico-sdk/sdk/2.1.0/lib/tinyusb/src/class/cdc/cdc_device.c.o
                0x10005f4c                tud_cdc_n_write_flush
 .text.tud_cdc_n_write
                0x10006018       0x48 CMakeFiles/main.dir/home/luis/.pico-sdk/sdk/2.1.0/lib/tinyusb/src/class/cdc/cdc_device.c.o
                0x10006018                tud_cdc_n_write
 .text.tud_cdc_n_write_available
                0x10006060       0x1c CMakeFiles/main.dir/home/luis/.pico-sdk/sdk/2.1.0/lib/tinyusb/src/class/cdc/cdc_device.c.o
                0x10006060                tud_cdc_n_write_available
 .text.cdcd_init
                0x1000607c       0xc0 CMakeFiles/main.dir/home/luis/.pico-sdk/sdk/2.1.0/lib/tinyusb/src/class/cdc/cdc_device.c.o
                0x1000607c                cdcd_init
 .text.cdcd_deinit
                0x1000613c       0x50 CMakeFiles/main.dir/home/luis/.pico-sdk/sdk/2.1.0/lib/tinyusb/src/class/cdc/cdc_device.c.o
                0x1000613c                cdcd_deinit
 .text.cdcd_reset
                0x1000618c       0x78 CMakeFiles/main.dir/home/luis/.pico-sdk/sdk/2.1.0/lib/tinyusb/src/class/cdc/cdc_device.c.o
                0x1000618c                cdcd_reset
 .text.cdcd_open
                0x10006204       0xf0 CMakeFiles/main.dir/home/luis/.pico-sdk/sdk/2.1.0/lib/tinyusb/src/class/cdc/cdc_device.c.o
                0x10006204                cdcd_open
 .text.cdcd_control_xfer_cb
                0x100062f4      0x138 CMakeFiles/main.dir/home/luis/.pico-sdk/sdk/2.1.0/lib/tinyusb/src/class/cdc/cdc_device.c.o
                0x100062f4                cdcd_control_xfer_cb
 .text.cdcd_xfer_cb
                0x1000642c      0x144 CMakeFiles/main.dir/home/luis/.pico-sdk/sdk/2.1.0/lib/tinyusb/src/class/cdc/cdc_device.c.o
                0x1000642c                cdcd_xfer_cb
 .text.tud_vendor_n_mounted
                0x10006570       0x40 CMakeFiles/main.dir/home/luis/.pico-sdk/sdk/2.1.0/lib/tinyusb/src/class/vendor/vendor_device.c.o
                0x10006570                tud_vendor_n_mounted
 .text.tud_vendor_n_write_flush
                0x100065b0       0x24 CMakeFiles/main.dir/home/luis/.pico-sdk/sdk/2.1.0/lib/tinyusb/src/class/vendor/vendor_device.c.o
                0x100065b0                tud_vendor_n_write_flush
 .text.vendord_init
                0x100065d4       0x90 CMakeFiles/main.dir/home/luis/.pico-sdk/sdk/2.1.0/lib/tinyusb/src/class/vendor/vendor_device.c.o
                0x100065d4                vendord_init
 .text.vendord_deinit
                0x10006664       0x34 CMakeFiles/main.dir/home/luis/.pico-sdk/sdk/2.1.0/lib/tinyusb/src/class/vendor/vendor_device.c.o
                0x10006664                vendord_deinit
 .text.vendord_reset
                0x10006698       0x38 CMakeFiles/main.dir/home/luis/.pico-sdk/sdk/2.1.0/lib/tinyusb/src/class/vendor/vendor_device.c.o
                0x10006698                vendord_reset
 .text.vendord_open
                0x100066d0      0x164 CMakeFiles/main.dir/home/luis/.pico-sdk/sdk/2.1.0/lib/tinyusb/src/class/vendor/vendor_device.c.o
                0x100066d0                vendord_open
 .text.vendord_xfer_cb
                0x10006834       0xc0 CMakeFiles/main.dir/home/luis/.pico-sdk/sdk/2.1.0/lib/tinyusb/src/class/vendor/vendor_device.c.o
                0x10006834                vendord_xfer_cb
 .text.tusb_init
                0x100068f4       0x24 CMakeFiles/main.dir/home/luis/.pico-sdk/sdk/2.1.0/lib/tinyusb/src/tusb.c.o
                0x100068f4                tusb_init
 .text.tu_edpt_claim
                0x10006918       0x50 CMakeFiles/main.dir/home/luis/.pico-sdk/sdk/2.1.0/lib/tinyusb/src/tusb.c.o
                0x10006918                tu_edpt_claim
 .text.tu_edpt_release
                0x10006968       0x38 CMakeFiles/main.dir/home/luis/.pico-sdk/sdk/2.1.0/lib/tinyusb/src/tusb.c.o
                0x10006968                tu_edpt_release
 .text.tu_edpt_validate
                0x100069a0       0xac CMakeFiles/main.dir/home/luis/.pico-sdk/sdk/2.1.0/lib/tinyusb/src/tusb.c.o
                0x100069a0                tu_edpt_validate
 .text.tu_edpt_bind_driver
                0x10006a4c       0x26 CMakeFiles/main.dir/home/luis/.pico-sdk/sdk/2.1.0/lib/tinyusb/src/tusb.c.o
                0x10006a4c                tu_edpt_bind_driver
 .text.tu_edpt_stream_init
                0x10006a72       0x62 CMakeFiles/main.dir/home/luis/.pico-sdk/sdk/2.1.0/lib/tinyusb/src/tusb.c.o
                0x10006a72                tu_edpt_stream_init
 .text.tu_edpt_stream_deinit
                0x10006ad4        0x4 CMakeFiles/main.dir/home/luis/.pico-sdk/sdk/2.1.0/lib/tinyusb/src/tusb.c.o
                0x10006ad4                tu_edpt_stream_deinit
 .text.tu_edpt_stream_write_zlp_if_needed
                0x10006ad8       0x80 CMakeFiles/main.dir/home/luis/.pico-sdk/sdk/2.1.0/lib/tinyusb/src/tusb.c.o
                0x10006ad8                tu_edpt_stream_write_zlp_if_needed
 .text.tu_edpt_stream_write_xfer
                0x10006b58       0x84 CMakeFiles/main.dir/home/luis/.pico-sdk/sdk/2.1.0/lib/tinyusb/src/tusb.c.o
                0x10006b58                tu_edpt_stream_write_xfer
 .text.tu_edpt_stream_read_xfer
                0x10006bdc       0xf4 CMakeFiles/main.dir/home/luis/.pico-sdk/sdk/2.1.0/lib/tinyusb/src/tusb.c.o
                0x10006bdc                tu_edpt_stream_read_xfer
 .text.advance_index
                0x10006cd0       0x1a CMakeFiles/main.dir/home/luis/.pico-sdk/sdk/2.1.0/lib/tinyusb/src/common/tusb_fifo.c.o
 .text._tu_fifo_peek
                0x10006cea       0x56 CMakeFiles/main.dir/home/luis/.pico-sdk/sdk/2.1.0/lib/tinyusb/src/common/tusb_fifo.c.o
 .text._ff_pull_n
                0x10006d40       0x68 CMakeFiles/main.dir/home/luis/.pico-sdk/sdk/2.1.0/lib/tinyusb/src/common/tusb_fifo.c.o
 .text._tu_fifo_peek_n
                0x10006da8       0x6a CMakeFiles/main.dir/home/luis/.pico-sdk/sdk/2.1.0/lib/tinyusb/src/common/tusb_fifo.c.o
 .text._tu_fifo_read_n
                0x10006e12       0x4e CMakeFiles/main.dir/home/luis/.pico-sdk/sdk/2.1.0/lib/tinyusb/src/common/tusb_fifo.c.o
 .text._ff_push_n
                0x10006e60       0x68 CMakeFiles/main.dir/home/luis/.pico-sdk/sdk/2.1.0/lib/tinyusb/src/common/tusb_fifo.c.o
 .text._tu_fifo_write_n
                0x10006ec8       0xf0 CMakeFiles/main.dir/home/luis/.pico-sdk/sdk/2.1.0/lib/tinyusb/src/common/tusb_fifo.c.o
 .text.tu_fifo_config
                0x10006fb8       0x7c CMakeFiles/main.dir/home/luis/.pico-sdk/sdk/2.1.0/lib/tinyusb/src/common/tusb_fifo.c.o
                0x10006fb8                tu_fifo_config
 .text.tu_fifo_count
                0x10007034       0x2a CMakeFiles/main.dir/home/luis/.pico-sdk/sdk/2.1.0/lib/tinyusb/src/common/tusb_fifo.c.o
                0x10007034                tu_fifo_count
 .text.tu_fifo_empty
                0x1000705e        0xe CMakeFiles/main.dir/home/luis/.pico-sdk/sdk/2.1.0/lib/tinyusb/src/common/tusb_fifo.c.o
                0x1000705e                tu_fifo_empty
 .text.tu_fifo_full
                0x1000706c       0x28 CMakeFiles/main.dir/home/luis/.pico-sdk/sdk/2.1.0/lib/tinyusb/src/common/tusb_fifo.c.o
                0x1000706c                tu_fifo_full
 .text.tu_fifo_remaining
                0x10007094       0x2c CMakeFiles/main.dir/home/luis/.pico-sdk/sdk/2.1.0/lib/tinyusb/src/common/tusb_fifo.c.o
                0x10007094                tu_fifo_remaining
 .text.tu_fifo_read
                0x100070c0       0x42 CMakeFiles/main.dir/home/luis/.pico-sdk/sdk/2.1.0/lib/tinyusb/src/common/tusb_fifo.c.o
                0x100070c0                tu_fifo_read
 .text.tu_fifo_read_n
                0x10007102        0xa CMakeFiles/main.dir/home/luis/.pico-sdk/sdk/2.1.0/lib/tinyusb/src/common/tusb_fifo.c.o
                0x10007102                tu_fifo_read_n
 .text.tu_fifo_write
                0x1000710c       0x64 CMakeFiles/main.dir/home/luis/.pico-sdk/sdk/2.1.0/lib/tinyusb/src/common/tusb_fifo.c.o
                0x1000710c                tu_fifo_write
 .text.tu_fifo_write_n
                0x10007170        0xa CMakeFiles/main.dir/home/luis/.pico-sdk/sdk/2.1.0/lib/tinyusb/src/common/tusb_fifo.c.o
                0x10007170                tu_fifo_write_n
 .text.tu_fifo_clear
                0x1000717a       0x3e CMakeFiles/main.dir/home/luis/.pico-sdk/sdk/2.1.0/lib/tinyusb/src/common/tusb_fifo.c.o
                0x1000717a                tu_fifo_clear
 .text.tu_fifo_set_overwritable
                0x100071b8       0x46 CMakeFiles/main.dir/home/luis/.pico-sdk/sdk/2.1.0/lib/tinyusb/src/common/tusb_fifo.c.o
                0x100071b8                tu_fifo_set_overwritable
 *fill*         0x100071fe        0x2 
 .text.adc_init
                0x10007200       0x34 CMakeFiles/main.dir/home/luis/.pico-sdk/sdk/2.1.0/src/rp2_common/hardware_adc/adc.c.o
                0x10007200                adc_init
 .text.i2c_unreset
                0x10007234       0x2c CMakeFiles/main.dir/home/luis/.pico-sdk/sdk/2.1.0/src/rp2_common/hardware_i2c/i2c.c.o
 .text.i2c_write_blocking_internal
                0x10007260      0x158 CMakeFiles/main.dir/home/luis/.pico-sdk/sdk/2.1.0/src/rp2_common/hardware_i2c/i2c.c.o
 .text.i2c_set_baudrate
                0x100073b8       0xf0 CMakeFiles/main.dir/home/luis/.pico-sdk/sdk/2.1.0/src/rp2_common/hardware_i2c/i2c.c.o
                0x100073b8                i2c_set_baudrate
 .text.i2c_init
                0x100074a8       0x54 CMakeFiles/main.dir/home/luis/.pico-sdk/sdk/2.1.0/src/rp2_common/hardware_i2c/i2c.c.o
                0x100074a8                i2c_init
 .text.i2c_write_blocking
                0x100074fc       0x18 CMakeFiles/main.dir/home/luis/.pico-sdk/sdk/2.1.0/src/rp2_common/hardware_i2c/i2c.c.o
                0x100074fc                i2c_write_blocking
 .text          0x10007514       0x18 /usr/lib/gcc/arm-none-eabi/13.2.1/../../../arm-none-eabi/lib/thumb/v6-m/nofp/libg.a(libc_a-calloc.o)
                0x10007514                calloc
 .text          0x1000752c       0xa8 /usr/lib/gcc/arm-none-eabi/13.2.1/../../../arm-none-eabi/lib/thumb/v6-m/nofp/libg.a(libc_a-callocr.o)
                0x1000752c                _calloc_r
 .text          0x100075d4      0x5b4 /usr/lib/gcc/arm-none-eabi/13.2.1/../../../arm-none-eabi/lib/thumb/v6-m/nofp/libg.a(libc_a-mallocr.o)
                0x100075d4                _malloc_r
 .text          0x10007b88      0x288 /usr/lib/gcc/arm-none-eabi/13.2.1/../../../arm-none-eabi/lib/thumb/v6-m/nofp/libg.a(libc_a-freer.o)
                0x10007b88                _malloc_trim_r
                0x10007c3c                _free_r
 .text          0x10007e10       0x1c /usr/lib/gcc/arm-none-eabi/13.2.1/../../../arm-none-eabi/lib/thumb/v6-m/nofp/libg.a(libc_a-sysconf.o)
                0x10007e10                sysconf
 .text          0x10007e2c        0x8 /usr/lib/gcc/arm-none-eabi/13.2.1/../../../arm-none-eabi/lib/thumb/v6-m/nofp/libg.a(libc_a-mlock.o)
                0x10007e2c                __malloc_lock
                0x10007e30                __malloc_unlock
 .text          0x10007e34       0x10 /usr/lib/gcc/arm-none-eabi/13.2.1/../../../arm-none-eabi/lib/thumb/v6-m/nofp/libg.a(libc_a-atexit.o)
                0x10007e34                atexit
 .text          0x10007e44       0x5c /usr/lib/gcc/arm-none-eabi/13.2.1/../../../arm-none-eabi/lib/thumb/v6-m/nofp/libg.a(libc_a-strlen-stub.o)
                0x10007e44                strlen
 .text          0x10007ea0       0x24 /usr/lib/gcc/arm-none-eabi/13.2.1/../../../arm-none-eabi/lib/thumb/v6-m/nofp/libg.a(libc_a-sbrkr.o)
                0x10007ea0                _sbrk_r
 .text          0x10007ec4       0x28 /usr/lib/gcc/arm-none-eabi/13.2.1/../../../arm-none-eabi/lib/thumb/v6-m/nofp/libg.a(libc_a-fini.o)
                0x10007ec4                __libc_fini_array
 .text          0x10007eec        0xc /usr/lib/gcc/arm-none-eabi/13.2.1/../../../arm-none-eabi/lib/thumb/v6-m/nofp/libg.a(libc_a-errno.o)
                0x10007eec                __errno
 .text          0x10007ef8       0x78 /usr/lib/gcc/arm-none-eabi/13.2.1/../../../arm-none-eabi/lib/thumb/v6-m/nofp/libg.a(libc_a-__atexit.o)
                0x10007ef8                __register_exitproc
 .text.startup  0x10007f70       0x18 /usr/lib/gcc/arm-none-eabi/13.2.1/../../../arm-none-eabi/lib/thumb/v6-m/nofp/libg.a(libc_a-__call_atexit.o)
 *(.fini)
 .fini          0x10007f88        0x4 /usr/lib/gcc/arm-none-eabi/13.2.1/thumb/v6-m/nofp/crti.o
                0x10007f88                _fini
 *fill*         0x10007f8c        0x4 
 .fini.__stub   0x10007f90       0xd0 linker stubs
 *crtbegin.o(.ctors)
 *crtbegin?.o(.ctors)
 *(EXCLUDE_FILE(*crtend.o *crtend?.o) .ctors)
 *(SORT_BY_NAME(.ctors.*))
 *(.ctors)
 *crtbegin.o(.dtors)
 *crtbegin?.o(.dtors)
 *(EXCLUDE_FILE(*crtend.o *crtend?.o) .dtors)
 *(SORT_BY_NAME(.dtors.*))
 *(.dtors)
                0x10008060                        . = ALIGN (0x4)
                0x10008060                        PROVIDE (__preinit_array_start = .)
 *(SORT_BY_NAME(.preinit_array.*))
 .preinit_array.00100
                0x10008060        0x4 CMakeFiles/main.dir/home/luis/.pico-sdk/sdk/2.1.0/src/rp2_common/pico_runtime_init/runtime_init.c.o
                0x10008060                __pre_init_runtime_init_early_resets
 .preinit_array.00101
                0x10008064        0x4 CMakeFiles/main.dir/home/luis/.pico-sdk/sdk/2.1.0/src/rp2_common/pico_runtime_init/runtime_init.c.o
                0x10008064                __pre_init_runtime_init_usb_power_down
 .preinit_array.00275
                0x10008068        0x4 CMakeFiles/main.dir/home/luis/.pico-sdk/sdk/2.1.0/src/rp2_common/pico_bit_ops/bit_ops_aeabi.S.o
 .preinit_array.00300
                0x1000806c        0x4 CMakeFiles/main.dir/home/luis/.pico-sdk/sdk/2.1.0/src/rp2_common/pico_mem_ops/mem_ops_aeabi.S.o
 .preinit_array.00350
                0x10008070        0x4 CMakeFiles/main.dir/home/luis/.pico-sdk/sdk/2.1.0/src/rp2_common/pico_double/double_aeabi_rp2040.S.o
 .preinit_array.00350
                0x10008074        0x4 CMakeFiles/main.dir/home/luis/.pico-sdk/sdk/2.1.0/src/rp2_common/pico_float/float_aeabi_rp2040.S.o
 .preinit_array.00500
                0x10008078        0x4 CMakeFiles/main.dir/home/luis/.pico-sdk/sdk/2.1.0/src/rp2_common/pico_runtime_init/runtime_init.c.o
                0x10008078                __pre_init_runtime_init_clocks
 .preinit_array.00600
                0x1000807c        0x4 CMakeFiles/main.dir/home/luis/.pico-sdk/sdk/2.1.0/src/rp2_common/pico_runtime_init/runtime_init.c.o
                0x1000807c                __pre_init_runtime_init_post_clock_resets
 .preinit_array.00700
                0x10008080        0x4 CMakeFiles/main.dir/home/luis/.pico-sdk/sdk/2.1.0/src/rp2_common/pico_runtime_init/runtime_init.c.o
                0x10008080                __pre_init_runtime_init_rp2040_gpio_ie_disable
 .preinit_array.01000
                0x10008084        0x4 CMakeFiles/main.dir/home/luis/.pico-sdk/sdk/2.1.0/src/rp2_common/pico_runtime_init/runtime_init.c.o
                0x10008084                __pre_init_runtime_init_spin_locks_reset
 .preinit_array.01100
                0x10008088        0x4 CMakeFiles/main.dir/home/luis/.pico-sdk/sdk/2.1.0/src/common/pico_sync/mutex.c.o
                0x10008088                __pre_init_runtime_init_mutex
 .preinit_array.10080
                0x1000808c        0x4 CMakeFiles/main.dir/home/luis/.pico-sdk/sdk/2.1.0/src/rp2_common/pico_runtime_init/runtime_init.c.o
                0x1000808c                __pre_init_runtime_init_install_ram_vector_table
 .preinit_array.11000
                0x10008090        0x4 CMakeFiles/main.dir/home/luis/.pico-sdk/sdk/2.1.0/src/common/pico_time/time.c.o
                0x10008090                __pre_init_runtime_init_default_alarm_pool
 .preinit_array.YYYYY
                0x10008094        0x4 CMakeFiles/main.dir/home/luis/.pico-sdk/sdk/2.1.0/src/rp2_common/pico_runtime/runtime.c.o
                0x10008094                __pre_init_first_per_core_initializer
 .preinit_array.ZZZZZ.01200
                0x10008098        0x4 CMakeFiles/main.dir/home/luis/.pico-sdk/sdk/2.1.0/src/rp2_common/hardware_irq/irq.c.o
                0x10008098                __pre_init_runtime_init_per_core_irq_priorities
 *(.preinit_array)
                0x1000809c                        PROVIDE (__preinit_array_end = .)
                0x1000809c                        . = ALIGN (0x4)
                0x1000809c                        PROVIDE (__init_array_start = .)
 *(SORT_BY_NAME(.init_array.*))
 .init_array.00000
                0x1000809c        0x4 /usr/lib/gcc/arm-none-eabi/13.2.1/../../../arm-none-eabi/lib/thumb/v6-m/nofp/libg.a(libc_a-__call_atexit.o)
 *(.init_array)
 .init_array    0x100080a0        0x4 /usr/lib/gcc/arm-none-eabi/13.2.1/thumb/v6-m/nofp/crtbegin.o
 .init_array    0x100080a4        0x4 CMakeFiles/main.dir/home/luis/.pico-sdk/sdk/2.1.0/src/rp2_common/pico_unique_id/unique_id.c.o
                0x100080a8                        PROVIDE (__init_array_end = .)
                0x100080a8                        . = ALIGN (0x4)
                0x100080a8                        PROVIDE (__fini_array_start = .)
 *(SORT_BY_NAME(.fini_array.*))
 *(.fini_array)
                0x100080a8                        PROVIDE (__fini_array_end = .)
 *(.eh_frame*)
 .eh_frame      0x100080a8        0x0 /usr/lib/gcc/arm-none-eabi/13.2.1/thumb/v6-m/nofp/crtbegin.o
                0x100080a8                        . = ALIGN (0x4)

.glue_7         0x100080a8        0x0
 .glue_7        0x100080a8        0x0 linker stubs

.glue_7t        0x100080a8        0x0
 .glue_7t       0x100080a8        0x0 linker stubs

.vfp11_veneer   0x100080a8        0x0
 .vfp11_veneer  0x100080a8        0x0 linker stubs

.v4_bx          0x100080a8        0x0
 .v4_bx         0x100080a8        0x0 linker stubs

.iplt           0x100080a8        0x0
 .iplt          0x100080a8        0x0 /usr/lib/gcc/arm-none-eabi/13.2.1/thumb/v6-m/nofp/crtbegin.o

.rodata         0x100080a8     0x1664
 *(EXCLUDE_FILE(*libm.a: *libc.a:*lib_a-mem*.o *libgcc.a:) .rodata*)
 .rodata.gpio_callback.str1.4
                0x100080a8      0xdd9 CMakeFiles/main.dir/main.c.o
                                 0x74 (size before relaxing)
 .rodata.gpio_add_raw_irq_handler_with_order_priority_masked.str1.4
                0x10008e81       0x6f CMakeFiles/main.dir/home/luis/.pico-sdk/sdk/2.1.0/src/rp2_common/hardware_gpio/gpio.c.o
 .rodata.gpio_set_irq_enabled.str1.4
                0x10008e81       0x57 CMakeFiles/main.dir/home/luis/.pico-sdk/sdk/2.1.0/src/rp2_common/hardware_gpio/gpio.c.o
 *fill*         0x10008e81        0x3 
 .rodata.__func__.4
                0x10008e84       0x15 CMakeFiles/main.dir/home/luis/.pico-sdk/sdk/2.1.0/src/rp2_common/hardware_gpio/gpio.c.o
 .rodata.rp2040_chip_version.str1.4
                0x10008e99       0x79 CMakeFiles/main.dir/home/luis/.pico-sdk/sdk/2.1.0/src/rp2040/pico_platform/platform.c.o
 *fill*         0x10008e99        0x3 
 .rodata.__func__.0
                0x10008e9c       0x14 CMakeFiles/main.dir/home/luis/.pico-sdk/sdk/2.1.0/src/rp2040/pico_platform/platform.c.o
 .rodata.panic.str1.4
                0x10008eb0       0x12 CMakeFiles/main.dir/home/luis/.pico-sdk/sdk/2.1.0/src/rp2_common/pico_platform_panic/panic.c.o
 .rodata.spin_lock_claim_unused.str1.4
                0x10008eb0       0x1b CMakeFiles/main.dir/home/luis/.pico-sdk/sdk/2.1.0/src/rp2_common/hardware_sync/sync.c.o
 .rodata.resolve_j_16.str1.4
                0x10008eb0       0x59 CMakeFiles/main.dir/home/luis/.pico-sdk/sdk/2.1.0/src/rp2_common/hardware_irq/irq.c.o
 .rodata.make_j_16.str1.4
                0x10008eb0       0x30 CMakeFiles/main.dir/home/luis/.pico-sdk/sdk/2.1.0/src/rp2_common/hardware_irq/irq.c.o
 .rodata.insert_bl_32.str1.4
                0x10008eb0       0x10 CMakeFiles/main.dir/home/luis/.pico-sdk/sdk/2.1.0/src/rp2_common/hardware_irq/irq.c.o
 .rodata.irq_set_exclusive_handler.str1.4
                0x10008eb0       0x36 CMakeFiles/main.dir/home/luis/.pico-sdk/sdk/2.1.0/src/rp2_common/hardware_irq/irq.c.o
 .rodata.irq_add_shared_handler.str1.4
                0x10008eb0       0xd2 CMakeFiles/main.dir/home/luis/.pico-sdk/sdk/2.1.0/src/rp2_common/hardware_irq/irq.c.o
 .rodata.irq_remove_handler.str1.4
                0x10008eb0       0x3a CMakeFiles/main.dir/home/luis/.pico-sdk/sdk/2.1.0/src/rp2_common/hardware_irq/irq.c.o
 .rodata.irq_add_tail_to_free_list.str1.4
                0x10008eb0       0x3a CMakeFiles/main.dir/home/luis/.pico-sdk/sdk/2.1.0/src/rp2_common/hardware_irq/irq.c.o
 .rodata.user_irq_claim_unused.str1.4
                0x10008eb0       0x1b CMakeFiles/main.dir/home/luis/.pico-sdk/sdk/2.1.0/src/rp2_common/hardware_irq/irq.c.o
 .rodata.__func__.0
                0x10008eb0       0x1a CMakeFiles/main.dir/home/luis/.pico-sdk/sdk/2.1.0/src/rp2_common/hardware_irq/irq.c.o
 *fill*         0x10008eca        0x2 
 .rodata.__func__.1
                0x10008ecc        0xd CMakeFiles/main.dir/home/luis/.pico-sdk/sdk/2.1.0/src/rp2_common/hardware_irq/irq.c.o
 *fill*         0x10008ed9        0x3 
 .rodata.__func__.2
                0x10008edc       0x13 CMakeFiles/main.dir/home/luis/.pico-sdk/sdk/2.1.0/src/rp2_common/hardware_irq/irq.c.o
 *fill*         0x10008eef        0x1 
 .rodata.__func__.3
                0x10008ef0        0xa CMakeFiles/main.dir/home/luis/.pico-sdk/sdk/2.1.0/src/rp2_common/hardware_irq/irq.c.o
 *fill*         0x10008efa        0x2 
 .rodata.__func__.4
                0x10008efc        0xd CMakeFiles/main.dir/home/luis/.pico-sdk/sdk/2.1.0/src/rp2_common/hardware_irq/irq.c.o
 *fill*         0x10008f09        0x3 
 .rodata.__func__.5
                0x10008f0c       0x17 CMakeFiles/main.dir/home/luis/.pico-sdk/sdk/2.1.0/src/rp2_common/hardware_irq/irq.c.o
 *fill*         0x10008f23        0x1 
 .rodata.__func__.6
                0x10008f24       0x1a CMakeFiles/main.dir/home/luis/.pico-sdk/sdk/2.1.0/src/rp2_common/hardware_irq/irq.c.o
 .rodata.runtime_init_mutex.str1.4
                0x10008f3e       0x5c CMakeFiles/main.dir/home/luis/.pico-sdk/sdk/2.1.0/src/common/pico_sync/mutex.c.o
 .rodata.str1.4
                0x10008f3e       0x51 CMakeFiles/main.dir/home/luis/.pico-sdk/sdk/2.1.0/src/common/pico_sync/mutex.c.o
 *fill*         0x10008f3e        0x2 
 .rodata.__func__.1
                0x10008f40        0xb CMakeFiles/main.dir/home/luis/.pico-sdk/sdk/2.1.0/src/common/pico_sync/mutex.c.o
 *fill*         0x10008f4b        0x1 
 .rodata.__func__.3
                0x10008f4c       0x18 CMakeFiles/main.dir/home/luis/.pico-sdk/sdk/2.1.0/src/common/pico_sync/mutex.c.o
 .rodata.__func__.6
                0x10008f64       0x13 CMakeFiles/main.dir/home/luis/.pico-sdk/sdk/2.1.0/src/common/pico_sync/mutex.c.o
 .rodata.alarm_pool_irq_handler.str1.4
                0x10008f77       0x67 CMakeFiles/main.dir/home/luis/.pico-sdk/sdk/2.1.0/src/common/pico_time/time.c.o
 .rodata.alarm_pool_get_default.str1.4
                0x10008f77       0x21 CMakeFiles/main.dir/home/luis/.pico-sdk/sdk/2.1.0/src/common/pico_time/time.c.o
 .rodata.sleep_until.str1.4
                0x10008f77       0x4d CMakeFiles/main.dir/home/luis/.pico-sdk/sdk/2.1.0/src/common/pico_time/time.c.o
 *fill*         0x10008f77        0x1 
 .rodata.__func__.1
                0x10008f78       0x17 CMakeFiles/main.dir/home/luis/.pico-sdk/sdk/2.1.0/src/common/pico_time/time.c.o
 *fill*         0x10008f8f        0x1 
 .rodata.__func__.2
                0x10008f90       0x17 CMakeFiles/main.dir/home/luis/.pico-sdk/sdk/2.1.0/src/common/pico_time/time.c.o
 .rodata.timer_hardware_alarm_claim.str1.4
                0x10008fa7       0x22 CMakeFiles/main.dir/home/luis/.pico-sdk/sdk/2.1.0/src/rp2_common/hardware_timer/timer.c.o
 .rodata.pll_init.str1.4
                0x10008fa7      0x118 CMakeFiles/main.dir/home/luis/.pico-sdk/sdk/2.1.0/src/rp2_common/hardware_pll/pll.c.o
 *fill*         0x10008fa7        0x1 
 .rodata.__func__.0
                0x10008fa8        0x9 CMakeFiles/main.dir/home/luis/.pico-sdk/sdk/2.1.0/src/rp2_common/hardware_pll/pll.c.o
 .rodata.missing_double_func_shim.str1.4
                0x10008fb1       0x18 CMakeFiles/main.dir/home/luis/.pico-sdk/sdk/2.1.0/src/rp2_common/pico_double/double_init_rom_rp2040.c.o
 .rodata.__aeabi_double_init.str1.4
                0x10008fb1       0x97 CMakeFiles/main.dir/home/luis/.pico-sdk/sdk/2.1.0/src/rp2_common/pico_double/double_init_rom_rp2040.c.o
 *fill*         0x10008fb1        0x3 
 .rodata.__func__.0
                0x10008fb4       0x14 CMakeFiles/main.dir/home/luis/.pico-sdk/sdk/2.1.0/src/rp2_common/pico_double/double_init_rom_rp2040.c.o
 .rodata.missing_float_func_shim.str1.4
                0x10008fc8        0x1 CMakeFiles/main.dir/home/luis/.pico-sdk/sdk/2.1.0/src/rp2_common/pico_float/float_init_rom_rp2040.c.o
 .rodata.__aeabi_float_init.str1.4
                0x10008fc8       0x85 CMakeFiles/main.dir/home/luis/.pico-sdk/sdk/2.1.0/src/rp2_common/pico_float/float_init_rom_rp2040.c.o
 .rodata.__func__.0
                0x10008fc8       0x13 CMakeFiles/main.dir/home/luis/.pico-sdk/sdk/2.1.0/src/rp2_common/pico_float/float_init_rom_rp2040.c.o
 .rodata.check_alloc.str1.4
                0x10008fdb        0xe CMakeFiles/main.dir/home/luis/.pico-sdk/sdk/2.1.0/src/rp2_common/pico_malloc/malloc.c.o
 .rodata.str1.4
                0x10008fdb       0x40 CMakeFiles/main.dir/home/luis/.pico-sdk/sdk/2.1.0/src/rp2_common/pico_standard_binary_info/standard_binary_info.c.o
 *fill*         0x10008fdb        0x1 
 .rodata.__bi_84
                0x10008fdc        0xc CMakeFiles/main.dir/home/luis/.pico-sdk/sdk/2.1.0/src/rp2_common/pico_standard_binary_info/standard_binary_info.c.o
 .rodata.__bi_78
                0x10008fe8        0xc CMakeFiles/main.dir/home/luis/.pico-sdk/sdk/2.1.0/src/rp2_common/pico_standard_binary_info/standard_binary_info.c.o
 .rodata.__bi_60
                0x10008ff4        0xc CMakeFiles/main.dir/home/luis/.pico-sdk/sdk/2.1.0/src/rp2_common/pico_standard_binary_info/standard_binary_info.c.o
 .rodata.__bi_54
                0x10009000        0xc CMakeFiles/main.dir/home/luis/.pico-sdk/sdk/2.1.0/src/rp2_common/pico_standard_binary_info/standard_binary_info.c.o
 .rodata.__bi_48
                0x1000900c        0xc CMakeFiles/main.dir/home/luis/.pico-sdk/sdk/2.1.0/src/rp2_common/pico_standard_binary_info/standard_binary_info.c.o
 .rodata.__bi_42
                0x10009018        0xc CMakeFiles/main.dir/home/luis/.pico-sdk/sdk/2.1.0/src/rp2_common/pico_standard_binary_info/standard_binary_info.c.o
 .rodata.__bi_34
                0x10009024        0xc CMakeFiles/main.dir/home/luis/.pico-sdk/sdk/2.1.0/src/rp2_common/pico_standard_binary_info/standard_binary_info.c.o
 .rodata.__bi_26
                0x10009030        0xc CMakeFiles/main.dir/home/luis/.pico-sdk/sdk/2.1.0/src/rp2_common/pico_standard_binary_info/standard_binary_info.c.o
 .rodata._ftoa.str1.4
                0x1000903c       0x15 CMakeFiles/main.dir/home/luis/.pico-sdk/sdk/2.1.0/src/rp2_common/pico_printf/printf.c.o
 .rodata._vsnprintf
                0x1000903c      0x19c CMakeFiles/main.dir/home/luis/.pico-sdk/sdk/2.1.0/src/rp2_common/pico_printf/printf.c.o
 .rodata.pow10.0
                0x100091d8       0x50 CMakeFiles/main.dir/home/luis/.pico-sdk/sdk/2.1.0/src/rp2_common/pico_printf/printf.c.o
 .rodata.__assert_func.str1.4
                0x10009228       0x43 CMakeFiles/main.dir/home/luis/.pico-sdk/sdk/2.1.0/src/rp2_common/pico_clib_interface/newlib_interface.c.o
 .rodata.crlf_str.0
                0x10009228        0x2 CMakeFiles/main.dir/home/luis/.pico-sdk/sdk/2.1.0/src/rp2_common/pico_stdio/stdio.c.o
 .rodata.str1.4
                0x1000922a       0x2c CMakeFiles/main.dir/home/luis/.pico-sdk/sdk/2.1.0/src/rp2_common/pico_stdio_uart/stdio_uart.c.o
 *fill*         0x1000922a        0x2 
 .rodata.__bi_45.4
                0x1000922c        0xc CMakeFiles/main.dir/home/luis/.pico-sdk/sdk/2.1.0/src/rp2_common/pico_stdio_uart/stdio_uart.c.o
 .rodata.__bi_49.5
                0x10009238        0x8 CMakeFiles/main.dir/home/luis/.pico-sdk/sdk/2.1.0/src/rp2_common/pico_stdio_uart/stdio_uart.c.o
 .rodata.__bi_50.6
                0x10009240        0x8 CMakeFiles/main.dir/home/luis/.pico-sdk/sdk/2.1.0/src/rp2_common/pico_stdio_uart/stdio_uart.c.o
 .rodata._resetd_driver
                0x10009248       0x20 CMakeFiles/main.dir/home/luis/.pico-sdk/sdk/2.1.0/src/rp2_common/pico_stdio_usb/reset_interface.c.o
 .rodata.desc_ms_os_20
                0x10009268       0xa6 CMakeFiles/main.dir/home/luis/.pico-sdk/sdk/2.1.0/src/rp2_common/pico_stdio_usb/reset_interface.c.o
 *fill*         0x1000930e        0x2 
 .rodata.desc_bos
                0x10009310       0x21 CMakeFiles/main.dir/home/luis/.pico-sdk/sdk/2.1.0/src/rp2_common/pico_stdio_usb/reset_interface.c.o
                0x10009310                desc_bos
 .rodata.stdio_usb_init.str1.4
                0x10009331       0x51 CMakeFiles/main.dir/home/luis/.pico-sdk/sdk/2.1.0/src/rp2_common/pico_stdio_usb/stdio_usb.c.o
 .rodata.str1.4
                0x10009331       0x13 CMakeFiles/main.dir/home/luis/.pico-sdk/sdk/2.1.0/src/rp2_common/pico_stdio_usb/stdio_usb.c.o
 *fill*         0x10009331        0x3 
 .rodata.__bi_197.1
                0x10009334        0xc CMakeFiles/main.dir/home/luis/.pico-sdk/sdk/2.1.0/src/rp2_common/pico_stdio_usb/stdio_usb.c.o
 .rodata.__func__.2
                0x10009340        0xf CMakeFiles/main.dir/home/luis/.pico-sdk/sdk/2.1.0/src/rp2_common/pico_stdio_usb/stdio_usb.c.o
 .rodata.str1.4
                0x1000934f       0x2a CMakeFiles/main.dir/home/luis/.pico-sdk/sdk/2.1.0/src/rp2_common/pico_stdio_usb/stdio_usb_descriptors.c.o
 *fill*         0x1000934f        0x1 
 .rodata.usbd_desc_str
                0x10009350       0x18 CMakeFiles/main.dir/home/luis/.pico-sdk/sdk/2.1.0/src/rp2_common/pico_stdio_usb/stdio_usb_descriptors.c.o
 .rodata.usbd_desc_cfg
                0x10009368       0x54 CMakeFiles/main.dir/home/luis/.pico-sdk/sdk/2.1.0/src/rp2_common/pico_stdio_usb/stdio_usb_descriptors.c.o
 .rodata.usbd_desc_device
                0x100093bc       0x12 CMakeFiles/main.dir/home/luis/.pico-sdk/sdk/2.1.0/src/rp2_common/pico_stdio_usb/stdio_usb_descriptors.c.o
 .rodata.pico_get_unique_board_id_string.str1.4
                0x100093ce       0x51 CMakeFiles/main.dir/home/luis/.pico-sdk/sdk/2.1.0/src/rp2_common/pico_unique_id/unique_id.c.o
 *fill*         0x100093ce        0x2 
 .rodata.__func__.0
                0x100093d0       0x20 CMakeFiles/main.dir/home/luis/.pico-sdk/sdk/2.1.0/src/rp2_common/pico_unique_id/unique_id.c.o
 .rodata.str1.4
                0x100093f0      0x195 CMakeFiles/main.dir/home/luis/.pico-sdk/sdk/2.1.0/src/rp2_common/hardware_flash/flash.c.o
 .rodata.__func__.0
                0x100093f0        0xd CMakeFiles/main.dir/home/luis/.pico-sdk/sdk/2.1.0/src/rp2_common/hardware_flash/flash.c.o
 .rodata._hw_endpoint_alloc.str1.4
                0x100093fd       0xb9 CMakeFiles/main.dir/home/luis/.pico-sdk/sdk/2.1.0/lib/tinyusb/src/portable/raspberrypi/rp2040/dcd_rp2040.c.o
 .rodata.str1.4
                0x100093fd       0x14 CMakeFiles/main.dir/home/luis/.pico-sdk/sdk/2.1.0/lib/tinyusb/src/portable/raspberrypi/rp2040/dcd_rp2040.c.o
 .rodata.dcd_int_enable.str1.4
                0x100093fd        0xc CMakeFiles/main.dir/home/luis/.pico-sdk/sdk/2.1.0/lib/tinyusb/src/portable/raspberrypi/rp2040/dcd_rp2040.c.o
 *fill*         0x100093fd        0x3 
 .rodata.__func__.0
                0x10009400        0xe CMakeFiles/main.dir/home/luis/.pico-sdk/sdk/2.1.0/lib/tinyusb/src/portable/raspberrypi/rp2040/dcd_rp2040.c.o
 *fill*         0x1000940e        0x2 
 .rodata.__func__.1
                0x10009410        0xe CMakeFiles/main.dir/home/luis/.pico-sdk/sdk/2.1.0/lib/tinyusb/src/portable/raspberrypi/rp2040/dcd_rp2040.c.o
 *fill*         0x1000941e        0x2 
 .rodata.__func__.3
                0x10009420       0x10 CMakeFiles/main.dir/home/luis/.pico-sdk/sdk/2.1.0/lib/tinyusb/src/portable/raspberrypi/rp2040/dcd_rp2040.c.o
 .rodata.__func__.5
                0x10009430        0xf CMakeFiles/main.dir/home/luis/.pico-sdk/sdk/2.1.0/lib/tinyusb/src/portable/raspberrypi/rp2040/dcd_rp2040.c.o
 *fill*         0x1000943f        0x1 
 .rodata.__func__.6
                0x10009440       0x13 CMakeFiles/main.dir/home/luis/.pico-sdk/sdk/2.1.0/lib/tinyusb/src/portable/raspberrypi/rp2040/dcd_rp2040.c.o
 *fill*         0x10009453        0x1 
 .rodata.__func__.7
                0x10009454        0x9 CMakeFiles/main.dir/home/luis/.pico-sdk/sdk/2.1.0/lib/tinyusb/src/portable/raspberrypi/rp2040/dcd_rp2040.c.o
 .rodata.str1.4
                0x1000945d       0xe0 CMakeFiles/main.dir/home/luis/.pico-sdk/sdk/2.1.0/lib/tinyusb/src/portable/raspberrypi/rp2040/rp2040_usb.c.o
 .rodata.hw_endpoint_xfer_start.str1.4
                0x1000945d       0x38 CMakeFiles/main.dir/home/luis/.pico-sdk/sdk/2.1.0/lib/tinyusb/src/portable/raspberrypi/rp2040/rp2040_usb.c.o
 *fill*         0x1000945d        0x3 
 .rodata.__func__.0
                0x10009460        0xf CMakeFiles/main.dir/home/luis/.pico-sdk/sdk/2.1.0/lib/tinyusb/src/portable/raspberrypi/rp2040/rp2040_usb.c.o
 .rodata.configuration_reset.str1.4
                0x1000946f       0x17 CMakeFiles/main.dir/home/luis/.pico-sdk/sdk/2.1.0/lib/tinyusb/src/device/usbd.c.o
 *fill*         0x1000946f        0x1 
 .rodata.process_get_descriptor
                0x10009470       0x40 CMakeFiles/main.dir/home/luis/.pico-sdk/sdk/2.1.0/lib/tinyusb/src/device/usbd.c.o
 .rodata        0x100094b0       0x1c CMakeFiles/main.dir/home/luis/.pico-sdk/sdk/2.1.0/lib/tinyusb/src/device/usbd.c.o
 .rodata.process_control_request
                0x100094cc       0x28 CMakeFiles/main.dir/home/luis/.pico-sdk/sdk/2.1.0/lib/tinyusb/src/device/usbd.c.o
 .rodata.tud_task_ext
                0x100094f4       0x24 CMakeFiles/main.dir/home/luis/.pico-sdk/sdk/2.1.0/lib/tinyusb/src/device/usbd.c.o
 .rodata.__func__.1
                0x10009518        0xf CMakeFiles/main.dir/home/luis/.pico-sdk/sdk/2.1.0/lib/tinyusb/src/device/usbd.c.o
 *fill*         0x10009527        0x1 
 .rodata.__func__.2
                0x10009528        0xf CMakeFiles/main.dir/home/luis/.pico-sdk/sdk/2.1.0/lib/tinyusb/src/device/usbd.c.o
 *fill*         0x10009537        0x1 
 .rodata.__func__.3
                0x10009538       0x14 CMakeFiles/main.dir/home/luis/.pico-sdk/sdk/2.1.0/lib/tinyusb/src/device/usbd.c.o
 .rodata.__func__.4
                0x1000954c        0xc CMakeFiles/main.dir/home/luis/.pico-sdk/sdk/2.1.0/lib/tinyusb/src/device/usbd.c.o
 .rodata.__func__.5
                0x10009558       0x17 CMakeFiles/main.dir/home/luis/.pico-sdk/sdk/2.1.0/lib/tinyusb/src/device/usbd.c.o
 *fill*         0x1000956f        0x1 
 .rodata.__func__.6
                0x10009570       0x13 CMakeFiles/main.dir/home/luis/.pico-sdk/sdk/2.1.0/lib/tinyusb/src/device/usbd.c.o
 *fill*         0x10009583        0x1 
 .rodata.__func__.7
                0x10009584       0x18 CMakeFiles/main.dir/home/luis/.pico-sdk/sdk/2.1.0/lib/tinyusb/src/device/usbd.c.o
 .rodata.__func__.8
                0x1000959c       0x14 CMakeFiles/main.dir/home/luis/.pico-sdk/sdk/2.1.0/lib/tinyusb/src/device/usbd.c.o
 .rodata.__func__.9
                0x100095b0        0xd CMakeFiles/main.dir/home/luis/.pico-sdk/sdk/2.1.0/lib/tinyusb/src/device/usbd.c.o
 *fill*         0x100095bd        0x3 
 .rodata.__func__.10
                0x100095c0        0x9 CMakeFiles/main.dir/home/luis/.pico-sdk/sdk/2.1.0/lib/tinyusb/src/device/usbd.c.o
 *fill*         0x100095c9        0x3 
 .rodata._usbd_driver
                0x100095cc       0x40 CMakeFiles/main.dir/home/luis/.pico-sdk/sdk/2.1.0/lib/tinyusb/src/device/usbd.c.o
 .rodata.tud_control_xfer.str1.4